
===========================================================================
report_checks -unconstrained
===========================================================================
======================= Typical Corner ===================================

Startpoint: _6765_ (rising edge-triggered flip-flop clocked by clk)
Endpoint: frame_id_out[4] (output port clocked by clk)
Path Group: clk
Path Type: max

Fanout     Cap    Slew   Delay    Time   Description
-----------------------------------------------------------------------------
                  0.00    0.00    0.00   clock clk (rise edge)
                          0.00    0.00   clock network delay (ideal)
                  0.00    0.00    0.00 ^ _6765_/CLK (sky130_fd_sc_hd__dfrtp_2)
     2    0.11    0.51    0.67    0.67 ^ _6765_/Q (sky130_fd_sc_hd__dfrtp_2)
                                         frame_id_out[4] (net)
                  0.51    0.01    0.67 ^ frame_id_out[4] (out)
                                  0.67   data arrival time

                  0.00   10.00   10.00   clock clk (rise edge)
                          0.00   10.00   clock network delay (ideal)
                         -0.10    9.90   clock uncertainty
                          0.00    9.90   clock reconvergence pessimism
                         -2.00    7.90   output external delay
                                  7.90   data required time
-----------------------------------------------------------------------------
                                  7.90   data required time
                                 -0.67   data arrival time
-----------------------------------------------------------------------------
                                  7.23   slack (MET)




===========================================================================
report_checks --slack_max -0.01
============================================================================
======================= Typical Corner ===================================

No paths found.


===========================================================================
 report_check_types -max_slew -max_cap -max_fanout -violators
============================================================================
======================= Typical Corner ===================================

max slew

Pin                                    Limit    Slew   Slack
------------------------------------------------------------
_6465_/RESET_B                          0.50    2.63   -2.13 (VIOLATED)
_6464_/RESET_B                          0.50    2.63   -2.13 (VIOLATED)
_6753_/RESET_B                          0.50    2.63   -2.13 (VIOLATED)
_6467_/RESET_B                          0.50    2.63   -2.13 (VIOLATED)
_6941_/RESET_B                          0.50    2.63   -2.13 (VIOLATED)
_6468_/RESET_B                          0.50    2.63   -2.13 (VIOLATED)
_6940_/RESET_B                          0.50    2.63   -2.13 (VIOLATED)
_6754_/RESET_B                          0.50    2.63   -2.13 (VIOLATED)
_6469_/RESET_B                          0.50    2.63   -2.13 (VIOLATED)
_6309_/RESET_B                          0.50    2.63   -2.13 (VIOLATED)
_6755_/RESET_B                          0.50    2.63   -2.13 (VIOLATED)
_6312_/RESET_B                          0.50    2.63   -2.13 (VIOLATED)
_6470_/RESET_B                          0.50    2.63   -2.13 (VIOLATED)
_6313_/RESET_B                          0.50    2.63   -2.13 (VIOLATED)
_6311_/RESET_B                          0.50    2.63   -2.13 (VIOLATED)
_6316_/RESET_B                          0.50    2.63   -2.13 (VIOLATED)
_6314_/RESET_B                          0.50    2.63   -2.13 (VIOLATED)
_6315_/RESET_B                          0.50    2.63   -2.13 (VIOLATED)
_6466_/RESET_B                          0.50    2.63   -2.13 (VIOLATED)
_6463_/RESET_B                          0.50    2.63   -2.13 (VIOLATED)
_6939_/RESET_B                          0.50    2.63   -2.13 (VIOLATED)
_6938_/RESET_B                          0.50    2.63   -2.13 (VIOLATED)
_6942_/RESET_B                          0.50    2.63   -2.13 (VIOLATED)
_6756_/RESET_B                          0.50    2.63   -2.13 (VIOLATED)
_6317_/RESET_B                          0.50    2.63   -2.13 (VIOLATED)
_6945_/RESET_B                          0.50    2.63   -2.13 (VIOLATED)
_6327_/RESET_B                          0.50    2.63   -2.13 (VIOLATED)
_6355_/RESET_B                          0.50    2.63   -2.13 (VIOLATED)
_6325_/RESET_B                          0.50    2.63   -2.13 (VIOLATED)
_6457_/SET_B                            0.50    2.63   -2.13 (VIOLATED)
_6323_/RESET_B                          0.50    2.63   -2.13 (VIOLATED)
_6324_/RESET_B                          0.50    2.63   -2.13 (VIOLATED)
_6944_/RESET_B                          0.50    2.63   -2.13 (VIOLATED)
_6764_/RESET_B                          0.50    2.63   -2.13 (VIOLATED)
_6943_/RESET_B                          0.50    2.63   -2.13 (VIOLATED)
_6765_/RESET_B                          0.50    2.63   -2.13 (VIOLATED)
_6458_/RESET_B                          0.50    2.63   -2.13 (VIOLATED)
_6328_/RESET_B                          0.50    2.63   -2.13 (VIOLATED)
_6454_/SET_B                            0.50    2.63   -2.13 (VIOLATED)
_6460_/RESET_B                          0.50    2.63   -2.13 (VIOLATED)
_6326_/RESET_B                          0.50    2.63   -2.13 (VIOLATED)
_6763_/RESET_B                          0.50    2.63   -2.13 (VIOLATED)
_6752_/SET_B                            0.50    2.63   -2.13 (VIOLATED)
_6444_/RESET_B                          0.50    2.63   -2.13 (VIOLATED)
_6329_/RESET_B                          0.50    2.63   -2.13 (VIOLATED)
_6455_/RESET_B                          0.50    2.63   -2.13 (VIOLATED)
_6445_/RESET_B                          0.50    2.63   -2.13 (VIOLATED)
_6330_/RESET_B                          0.50    2.63   -2.13 (VIOLATED)
_6913_/RESET_B                          0.50    2.63   -2.13 (VIOLATED)
_6437_/RESET_B                          0.50    2.63   -2.13 (VIOLATED)
_6349_/RESET_B                          0.50    2.63   -2.13 (VIOLATED)
_6946_/RESET_B                          0.50    2.63   -2.13 (VIOLATED)
_6459_/RESET_B                          0.50    2.63   -2.13 (VIOLATED)
_6439_/RESET_B                          0.50    2.63   -2.13 (VIOLATED)
_6564_/RESET_B                          0.50    2.63   -2.13 (VIOLATED)
_6443_/RESET_B                          0.50    2.63   -2.13 (VIOLATED)
_6565_/RESET_B                          0.50    2.63   -2.13 (VIOLATED)
_6438_/RESET_B                          0.50    2.63   -2.13 (VIOLATED)
_6566_/RESET_B                          0.50    2.63   -2.13 (VIOLATED)
_6435_/RESET_B                          0.50    2.63   -2.13 (VIOLATED)
_6441_/RESET_B                          0.50    2.63   -2.13 (VIOLATED)
_6618_/RESET_B                          0.50    2.63   -2.13 (VIOLATED)
_6442_/RESET_B                          0.50    2.63   -2.13 (VIOLATED)
_6919_/RESET_B                          0.50    2.63   -2.13 (VIOLATED)
_6303_/RESET_B                          0.50    2.63   -2.13 (VIOLATED)
_6436_/RESET_B                          0.50    2.63   -2.13 (VIOLATED)
_6308_/RESET_B                          0.50    2.63   -2.13 (VIOLATED)
_6563_/SET_B                            0.50    2.63   -2.13 (VIOLATED)
_6917_/RESET_B                          0.50    2.63   -2.13 (VIOLATED)
_6384_/SET_B                            0.50    2.63   -2.13 (VIOLATED)
_6918_/RESET_B                          0.50    2.63   -2.13 (VIOLATED)
_6912_/RESET_B                          0.50    2.63   -2.13 (VIOLATED)
_6916_/RESET_B                          0.50    2.63   -2.13 (VIOLATED)
_6867_/RESET_B                          0.50    2.63   -2.13 (VIOLATED)
_6368_/RESET_B                          0.50    2.63   -2.13 (VIOLATED)
_6910_/RESET_B                          0.50    2.63   -2.13 (VIOLATED)
_6531_/RESET_B                          0.50    2.63   -2.13 (VIOLATED)
_6997_/SET_B                            0.50    2.63   -2.13 (VIOLATED)
_6928_/SET_B                            0.50    2.63   -2.13 (VIOLATED)
_6981_/RESET_B                          0.50    2.63   -2.13 (VIOLATED)
_6915_/RESET_B                          0.50    2.63   -2.13 (VIOLATED)
_6909_/RESET_B                          0.50    2.63   -2.13 (VIOLATED)
_6656_/RESET_B                          0.50    2.63   -2.13 (VIOLATED)
_6367_/RESET_B                          0.50    2.63   -2.13 (VIOLATED)
_6977_/RESET_B                          0.50    2.63   -2.13 (VIOLATED)
_6318_/SET_B                            0.50    2.63   -2.13 (VIOLATED)
_6911_/RESET_B                          0.50    2.63   -2.13 (VIOLATED)
_6373_/RESET_B                          0.50    2.63   -2.13 (VIOLATED)
_6929_/RESET_B                          0.50    2.63   -2.13 (VIOLATED)
_6978_/RESET_B                          0.50    2.63   -2.13 (VIOLATED)
_6980_/RESET_B                          0.50    2.63   -2.13 (VIOLATED)
_6782_/RESET_B                          0.50    2.63   -2.13 (VIOLATED)
_6350_/RESET_B                          0.50    2.63   -2.13 (VIOLATED)
_6351_/RESET_B                          0.50    2.63   -2.13 (VIOLATED)
_6780_/RESET_B                          0.50    2.63   -2.13 (VIOLATED)
_6352_/RESET_B                          0.50    2.63   -2.13 (VIOLATED)
_6617_/SET_B                            0.50    2.63   -2.13 (VIOLATED)
_6619_/RESET_B                          0.50    2.63   -2.13 (VIOLATED)
_6779_/RESET_B                          0.50    2.63   -2.13 (VIOLATED)
_6375_/RESET_B                          0.50    2.63   -2.13 (VIOLATED)
_6620_/RESET_B                          0.50    2.63   -2.13 (VIOLATED)
_6369_/RESET_B                          0.50    2.63   -2.13 (VIOLATED)
_6703_/RESET_B                          0.50    2.63   -2.13 (VIOLATED)
_6366_/RESET_B                          0.50    2.63   -2.13 (VIOLATED)
_6781_/RESET_B                          0.50    2.63   -2.13 (VIOLATED)
_6766_/RESET_B                          0.50    2.63   -2.13 (VIOLATED)
_6783_/RESET_B                          0.50    2.63   -2.13 (VIOLATED)
_6784_/RESET_B                          0.50    2.63   -2.13 (VIOLATED)
_6785_/RESET_B                          0.50    2.63   -2.13 (VIOLATED)
_6702_/RESET_B                          0.50    2.63   -2.13 (VIOLATED)
_6509_/RESET_B                          0.50    2.63   -2.13 (VIOLATED)
_6516_/RESET_B                          0.50    2.63   -2.13 (VIOLATED)
_6523_/RESET_B                          0.50    2.63   -2.13 (VIOLATED)
_6300_/RESET_B                          0.50    2.63   -2.13 (VIOLATED)
_6471_/RESET_B                          0.50    2.63   -2.13 (VIOLATED)
_6372_/RESET_B                          0.50    2.63   -2.13 (VIOLATED)
_6374_/RESET_B                          0.50    2.63   -2.13 (VIOLATED)
_6767_/RESET_B                          0.50    2.63   -2.13 (VIOLATED)
_6477_/RESET_B                          0.50    2.63   -2.13 (VIOLATED)
_6365_/RESET_B                          0.50    2.63   -2.13 (VIOLATED)
_6371_/RESET_B                          0.50    2.63   -2.13 (VIOLATED)
_6479_/RESET_B                          0.50    2.63   -2.13 (VIOLATED)
_6385_/RESET_B                          0.50    2.63   -2.13 (VIOLATED)
_6770_/RESET_B                          0.50    2.63   -2.13 (VIOLATED)
_6768_/RESET_B                          0.50    2.63   -2.13 (VIOLATED)
_6473_/RESET_B                          0.50    2.63   -2.13 (VIOLATED)
_6998_/RESET_B                          0.50    2.63   -2.13 (VIOLATED)
_6979_/RESET_B                          0.50    2.63   -2.13 (VIOLATED)
_6984_/RESET_B                          0.50    2.63   -2.13 (VIOLATED)
_6986_/RESET_B                          0.50    2.63   -2.13 (VIOLATED)
_6769_/RESET_B                          0.50    2.63   -2.13 (VIOLATED)
_6299_/RESET_B                          0.50    2.63   -2.13 (VIOLATED)
_6305_/RESET_B                          0.50    2.63   -2.13 (VIOLATED)
_6414_/RESET_B                          0.50    2.63   -2.13 (VIOLATED)
_6319_/RESET_B                          0.50    2.63   -2.13 (VIOLATED)
_6302_/RESET_B                          0.50    2.63   -2.13 (VIOLATED)
_6881_/RESET_B                          0.50    2.63   -2.13 (VIOLATED)
_6878_/RESET_B                          0.50    2.63   -2.13 (VIOLATED)
_6885_/RESET_B                          0.50    2.63   -2.13 (VIOLATED)
_6529_/SET_B                            0.50    2.63   -2.13 (VIOLATED)
_6655_/RESET_B                          0.50    2.63   -2.13 (VIOLATED)
_6987_/RESET_B                          0.50    2.63   -2.13 (VIOLATED)
_6601_/RESET_B                          0.50    2.63   -2.13 (VIOLATED)
_6983_/RESET_B                          0.50    2.63   -2.13 (VIOLATED)
_6607_/RESET_B                          0.50    2.63   -2.13 (VIOLATED)
_6603_/RESET_B                          0.50    2.63   -2.13 (VIOLATED)
_6609_/RESET_B                          0.50    2.63   -2.13 (VIOLATED)
_6409_/RESET_B                          0.50    2.63   -2.13 (VIOLATED)
_6401_/RESET_B                          0.50    2.63   -2.13 (VIOLATED)
_6985_/RESET_B                          0.50    2.63   -2.13 (VIOLATED)
_6879_/RESET_B                          0.50    2.63   -2.13 (VIOLATED)
_6614_/RESET_B                          0.50    2.63   -2.13 (VIOLATED)
_6608_/RESET_B                          0.50    2.63   -2.13 (VIOLATED)
_6610_/RESET_B                          0.50    2.63   -2.13 (VIOLATED)
_6823_/RESET_B                          0.50    2.63   -2.13 (VIOLATED)
_6829_/RESET_B                          0.50    2.63   -2.13 (VIOLATED)
_6822_/RESET_B                          0.50    2.63   -2.13 (VIOLATED)
_6407_/RESET_B                          0.50    2.63   -2.13 (VIOLATED)
_6880_/RESET_B                          0.50    2.63   -2.13 (VIOLATED)
_6828_/RESET_B                          0.50    2.63   -2.13 (VIOLATED)
_6304_/RESET_B                          0.50    2.63   -2.13 (VIOLATED)
_6301_/RESET_B                          0.50    2.63   -2.13 (VIOLATED)
_6306_/RESET_B                          0.50    2.63   -2.13 (VIOLATED)
_6307_/RESET_B                          0.50    2.63   -2.13 (VIOLATED)
_6834_/RESET_B                          0.50    2.63   -2.13 (VIOLATED)
_6866_/RESET_B                          0.50    2.63   -2.13 (VIOLATED)
_6408_/RESET_B                          0.50    2.63   -2.13 (VIOLATED)
_6887_/RESET_B                          0.50    2.63   -2.13 (VIOLATED)
_6884_/RESET_B                          0.50    2.63   -2.13 (VIOLATED)
_6345_/RESET_B                          0.50    2.63   -2.13 (VIOLATED)
_6891_/RESET_B                          0.50    2.63   -2.13 (VIOLATED)
_6346_/RESET_B                          0.50    2.63   -2.13 (VIOLATED)
_6347_/RESET_B                          0.50    2.63   -2.13 (VIOLATED)
_6886_/RESET_B                          0.50    2.63   -2.13 (VIOLATED)
_6348_/RESET_B                          0.50    2.63   -2.13 (VIOLATED)
_6762_/RESET_B                          0.50    2.63   -2.13 (VIOLATED)
_6778_/RESET_B                          0.50    2.63   -2.13 (VIOLATED)
_6761_/RESET_B                          0.50    2.63   -2.13 (VIOLATED)
_6853_/RESET_B                          0.50    2.63   -2.13 (VIOLATED)
_6777_/RESET_B                          0.50    2.63   -2.13 (VIOLATED)
_6776_/RESET_B                          0.50    2.63   -2.13 (VIOLATED)
_6771_/RESET_B                          0.50    2.63   -2.13 (VIOLATED)
_6847_/RESET_B                          0.50    2.63   -2.13 (VIOLATED)
_6775_/RESET_B                          0.50    2.63   -2.13 (VIOLATED)
_6759_/RESET_B                          0.50    2.63   -2.13 (VIOLATED)
_6558_/RESET_B                          0.50    2.63   -2.13 (VIOLATED)
_6772_/RESET_B                          0.50    2.63   -2.13 (VIOLATED)
_6513_/RESET_B                          0.50    2.63   -2.13 (VIOLATED)
_6489_/RESET_B                          0.50    2.63   -2.13 (VIOLATED)
_6511_/RESET_B                          0.50    2.63   -2.13 (VIOLATED)
_6520_/RESET_B                          0.50    2.63   -2.13 (VIOLATED)
_6518_/RESET_B                          0.50    2.63   -2.13 (VIOLATED)
_6660_/RESET_B                          0.50    2.63   -2.13 (VIOLATED)
_6774_/RESET_B                          0.50    2.63   -2.13 (VIOLATED)
_6510_/RESET_B                          0.50    2.63   -2.13 (VIOLATED)
_6521_/RESET_B                          0.50    2.63   -2.13 (VIOLATED)
_6411_/RESET_B                          0.50    2.63   -2.13 (VIOLATED)
_6773_/RESET_B                          0.50    2.63   -2.13 (VIOLATED)
_6888_/RESET_B                          0.50    2.63   -2.13 (VIOLATED)
_6512_/RESET_B                          0.50    2.63   -2.13 (VIOLATED)
_6517_/RESET_B                          0.50    2.63   -2.13 (VIOLATED)
_6519_/RESET_B                          0.50    2.63   -2.13 (VIOLATED)
_6472_/RESET_B                          0.50    2.63   -2.13 (VIOLATED)
_6760_/RESET_B                          0.50    2.63   -2.13 (VIOLATED)
_6522_/SET_B                            0.50    2.63   -2.13 (VIOLATED)
_6560_/RESET_B                          0.50    2.63   -2.13 (VIOLATED)
_6474_/RESET_B                          0.50    2.63   -2.13 (VIOLATED)
_6559_/RESET_B                          0.50    2.63   -2.13 (VIOLATED)
_6882_/RESET_B                          0.50    2.63   -2.13 (VIOLATED)
_6483_/SET_B                            0.50    2.63   -2.13 (VIOLATED)
_6547_/RESET_B                          0.50    2.62   -2.12 (VIOLATED)
_6481_/RESET_B                          0.50    2.62   -2.12 (VIOLATED)
_6412_/RESET_B                          0.50    2.62   -2.12 (VIOLATED)
_6413_/SET_B                            0.50    2.62   -2.12 (VIOLATED)
_6515_/RESET_B                          0.50    2.62   -2.12 (VIOLATED)
_6484_/RESET_B                          0.50    2.62   -2.12 (VIOLATED)
_6478_/RESET_B                          0.50    2.62   -2.12 (VIOLATED)
_6403_/RESET_B                          0.50    2.62   -2.12 (VIOLATED)
_6482_/RESET_B                          0.50    2.62   -2.12 (VIOLATED)
_6480_/RESET_B                          0.50    2.62   -2.12 (VIOLATED)
_6404_/RESET_B                          0.50    2.62   -2.12 (VIOLATED)
_6750_/RESET_B                          0.50    2.62   -2.12 (VIOLATED)
_6749_/RESET_B                          0.50    2.62   -2.12 (VIOLATED)
_6706_/RESET_B                          0.50    2.62   -2.12 (VIOLATED)
_6410_/RESET_B                          0.50    2.62   -2.12 (VIOLATED)
_6402_/RESET_B                          0.50    2.62   -2.12 (VIOLATED)
_6405_/RESET_B                          0.50    2.62   -2.12 (VIOLATED)
_6748_/SET_B                            0.50    2.62   -2.12 (VIOLATED)
_6658_/RESET_B                          0.50    2.62   -2.12 (VIOLATED)
_6659_/RESET_B                          0.50    2.62   -2.12 (VIOLATED)
_6751_/RESET_B                          0.50    2.62   -2.12 (VIOLATED)
_6310_/RESET_B                          0.50    2.62   -2.12 (VIOLATED)
_6647_/RESET_B                          0.50    2.62   -2.12 (VIOLATED)
_6644_/RESET_B                          0.50    2.62   -2.12 (VIOLATED)
_6657_/SET_B                            0.50    2.62   -2.12 (VIOLATED)
_6646_/RESET_B                          0.50    2.62   -2.12 (VIOLATED)
_6530_/RESET_B                          0.50    2.62   -2.12 (VIOLATED)
_6391_/RESET_B                          0.50    2.62   -2.12 (VIOLATED)
_6648_/RESET_B                          0.50    2.62   -2.12 (VIOLATED)
_6532_/RESET_B                          0.50    2.62   -2.12 (VIOLATED)
_6524_/RESET_B                          0.50    2.62   -2.12 (VIOLATED)
_6415_/RESET_B                          0.50    2.62   -2.12 (VIOLATED)
_6649_/RESET_B                          0.50    2.62   -2.12 (VIOLATED)
_6935_/RESET_B                          0.50    2.62   -2.12 (VIOLATED)
_6636_/RESET_B                          0.50    2.62   -2.12 (VIOLATED)
_6507_/RESET_B                          0.50    2.62   -2.12 (VIOLATED)
_6555_/RESET_B                          0.50    2.62   -2.12 (VIOLATED)
_6653_/RESET_B                          0.50    2.62   -2.12 (VIOLATED)
_6654_/RESET_B                          0.50    2.62   -2.12 (VIOLATED)
_6508_/RESET_B                          0.50    2.62   -2.12 (VIOLATED)
_6794_/SET_B                            0.50    2.62   -2.12 (VIOLATED)
_6948_/RESET_B                          0.50    2.62   -2.12 (VIOLATED)
_6795_/RESET_B                          0.50    2.62   -2.12 (VIOLATED)
_6591_/RESET_B                          0.50    2.62   -2.12 (VIOLATED)
_6643_/RESET_B                          0.50    2.62   -2.12 (VIOLATED)
_6645_/RESET_B                          0.50    2.62   -2.12 (VIOLATED)
_6642_/RESET_B                          0.50    2.62   -2.12 (VIOLATED)
_6612_/RESET_B                          0.50    2.62   -2.12 (VIOLATED)
_6721_/RESET_B                          0.50    2.62   -2.12 (VIOLATED)
_6723_/RESET_B                          0.50    2.62   -2.12 (VIOLATED)
_6796_/RESET_B                          0.50    2.62   -2.12 (VIOLATED)
_6611_/RESET_B                          0.50    2.62   -2.12 (VIOLATED)
_6724_/RESET_B                          0.50    2.62   -2.12 (VIOLATED)
_6725_/RESET_B                          0.50    2.62   -2.12 (VIOLATED)
_6606_/RESET_B                          0.50    2.62   -2.12 (VIOLATED)
_6652_/SET_B                            0.50    2.62   -2.12 (VIOLATED)
_6604_/RESET_B                          0.50    2.62   -2.12 (VIOLATED)
_6741_/RESET_B                          0.50    2.62   -2.12 (VIOLATED)
_6475_/RESET_B                          0.50    2.62   -2.12 (VIOLATED)
_6731_/RESET_B                          0.50    2.62   -2.12 (VIOLATED)
_6602_/RESET_B                          0.50    2.62   -2.12 (VIOLATED)
_6811_/RESET_B                          0.50    2.62   -2.12 (VIOLATED)
_6613_/SET_B                            0.50    2.62   -2.12 (VIOLATED)
_6605_/RESET_B                          0.50    2.62   -2.12 (VIOLATED)
_6797_/RESET_B                          0.50    2.62   -2.12 (VIOLATED)
_6832_/RESET_B                          0.50    2.62   -2.12 (VIOLATED)
_6895_/RESET_B                          0.50    2.62   -2.12 (VIOLATED)
_6894_/RESET_B                          0.50    2.62   -2.12 (VIOLATED)
_6825_/RESET_B                          0.50    2.62   -2.12 (VIOLATED)
_6476_/RESET_B                          0.50    2.62   -2.12 (VIOLATED)
_6514_/RESET_B                          0.50    2.62   -2.12 (VIOLATED)
_6461_/RESET_B                          0.50    2.62   -2.12 (VIOLATED)
_6933_/RESET_B                          0.50    2.62   -2.12 (VIOLATED)
_6440_/RESET_B                          0.50    2.62   -2.12 (VIOLATED)
_6831_/RESET_B                          0.50    2.62   -2.12 (VIOLATED)
_6452_/RESET_B                          0.50    2.62   -2.12 (VIOLATED)
_6331_/RESET_B                          0.50    2.62   -2.12 (VIOLATED)
_6333_/RESET_B                          0.50    2.62   -2.12 (VIOLATED)
_6334_/RESET_B                          0.50    2.62   -2.12 (VIOLATED)
_6335_/RESET_B                          0.50    2.62   -2.12 (VIOLATED)
_6821_/RESET_B                          0.50    2.62   -2.12 (VIOLATED)
_6342_/RESET_B                          0.50    2.62   -2.12 (VIOLATED)
_6949_/RESET_B                          0.50    2.62   -2.12 (VIOLATED)
_6453_/RESET_B                          0.50    2.62   -2.12 (VIOLATED)
_6827_/RESET_B                          0.50    2.62   -2.12 (VIOLATED)
_6406_/RESET_B                          0.50    2.62   -2.12 (VIOLATED)
_6994_/RESET_B                          0.50    2.62   -2.12 (VIOLATED)
_6722_/RESET_B                          0.50    2.62   -2.12 (VIOLATED)
_6719_/RESET_B                          0.50    2.62   -2.12 (VIOLATED)
_6720_/RESET_B                          0.50    2.62   -2.12 (VIOLATED)
_6581_/RESET_B                          0.50    2.62   -2.12 (VIOLATED)
_6582_/RESET_B                          0.50    2.62   -2.12 (VIOLATED)
_6583_/RESET_B                          0.50    2.62   -2.12 (VIOLATED)
_6799_/RESET_B                          0.50    2.62   -2.12 (VIOLATED)
_6800_/RESET_B                          0.50    2.62   -2.12 (VIOLATED)
_6584_/RESET_B                          0.50    2.62   -2.12 (VIOLATED)
_6718_/RESET_B                          0.50    2.62   -2.12 (VIOLATED)
_6793_/RESET_B                          0.50    2.62   -2.12 (VIOLATED)
_6798_/RESET_B                          0.50    2.62   -2.12 (VIOLATED)
_6792_/RESET_B                          0.50    2.62   -2.12 (VIOLATED)
_6552_/RESET_B                          0.50    2.62   -2.12 (VIOLATED)
_6546_/RESET_B                          0.50    2.62   -2.12 (VIOLATED)
_6790_/SET_B                            0.50    2.62   -2.12 (VIOLATED)
_6705_/RESET_B                          0.50    2.62   -2.12 (VIOLATED)
_6545_/RESET_B                          0.50    2.62   -2.12 (VIOLATED)
_6802_/RESET_B                          0.50    2.62   -2.12 (VIOLATED)
_6542_/RESET_B                          0.50    2.62   -2.12 (VIOLATED)
_6807_/RESET_B                          0.50    2.62   -2.12 (VIOLATED)
_6824_/RESET_B                          0.50    2.62   -2.12 (VIOLATED)
_6548_/RESET_B                          0.50    2.62   -2.12 (VIOLATED)
_6580_/RESET_B                          0.50    2.62   -2.12 (VIOLATED)
_6577_/RESET_B                          0.50    2.62   -2.12 (VIOLATED)
_6544_/RESET_B                          0.50    2.62   -2.12 (VIOLATED)
_6578_/RESET_B                          0.50    2.62   -2.12 (VIOLATED)
_6397_/RESET_B                          0.50    2.62   -2.12 (VIOLATED)
_6396_/RESET_B                          0.50    2.62   -2.12 (VIOLATED)
_6551_/RESET_B                          0.50    2.62   -2.12 (VIOLATED)
_6394_/RESET_B                          0.50    2.62   -2.12 (VIOLATED)
_6964_/RESET_B                          0.50    2.62   -2.12 (VIOLATED)
_6809_/RESET_B                          0.50    2.62   -2.12 (VIOLATED)
_6965_/RESET_B                          0.50    2.62   -2.12 (VIOLATED)
_6615_/RESET_B                          0.50    2.62   -2.12 (VIOLATED)
_6950_/RESET_B                          0.50    2.62   -2.12 (VIOLATED)
_6687_/RESET_B                          0.50    2.62   -2.12 (VIOLATED)
_6399_/RESET_B                          0.50    2.62   -2.12 (VIOLATED)
_6688_/RESET_B                          0.50    2.62   -2.12 (VIOLATED)
_6579_/RESET_B                          0.50    2.62   -2.12 (VIOLATED)
_6400_/RESET_B                          0.50    2.62   -2.12 (VIOLATED)
_6963_/RESET_B                          0.50    2.62   -2.12 (VIOLATED)
_6791_/RESET_B                          0.50    2.62   -2.12 (VIOLATED)
_6691_/RESET_B                          0.50    2.62   -2.12 (VIOLATED)
_6962_/SET_B                            0.50    2.62   -2.12 (VIOLATED)
_6562_/RESET_B                          0.50    2.62   -2.12 (VIOLATED)
_6561_/SET_B                            0.50    2.62   -2.12 (VIOLATED)
_6808_/SET_B                            0.50    2.62   -2.12 (VIOLATED)
_6826_/RESET_B                          0.50    2.62   -2.12 (VIOLATED)
_6682_/RESET_B                          0.50    2.62   -2.12 (VIOLATED)
_6893_/RESET_B                          0.50    2.62   -2.12 (VIOLATED)
_6892_/SET_B                            0.50    2.62   -2.12 (VIOLATED)
_6833_/SET_B                            0.50    2.62   -2.12 (VIOLATED)
_6690_/RESET_B                          0.50    2.62   -2.12 (VIOLATED)
_6806_/RESET_B                          0.50    2.62   -2.12 (VIOLATED)
_6804_/RESET_B                          0.50    2.62   -2.12 (VIOLATED)
_6543_/RESET_B                          0.50    2.62   -2.12 (VIOLATED)
_6549_/RESET_B                          0.50    2.62   -2.12 (VIOLATED)
_6683_/RESET_B                          0.50    2.62   -2.12 (VIOLATED)
_6805_/RESET_B                          0.50    2.62   -2.12 (VIOLATED)
_6550_/RESET_B                          0.50    2.62   -2.12 (VIOLATED)
_6801_/RESET_B                          0.50    2.62   -2.12 (VIOLATED)
_6701_/RESET_B                          0.50    2.62   -2.12 (VIOLATED)
_6639_/RESET_B                          0.50    2.62   -2.12 (VIOLATED)
_6993_/RESET_B                          0.50    2.62   -2.12 (VIOLATED)
_6669_/RESET_B                          0.50    2.62   -2.12 (VIOLATED)
_6959_/SET_B                            0.50    2.62   -2.12 (VIOLATED)
_6848_/RESET_B                          0.50    2.62   -2.12 (VIOLATED)
_6854_/RESET_B                          0.50    2.62   -2.12 (VIOLATED)
_6651_/RESET_B                          0.50    2.62   -2.12 (VIOLATED)
_6852_/RESET_B                          0.50    2.62   -2.12 (VIOLATED)
_6674_/RESET_B                          0.50    2.62   -2.12 (VIOLATED)
_6856_/RESET_B                          0.50    2.62   -2.12 (VIOLATED)
_6670_/RESET_B                          0.50    2.62   -2.12 (VIOLATED)
_6846_/RESET_B                          0.50    2.62   -2.12 (VIOLATED)
_6954_/RESET_B                          0.50    2.62   -2.12 (VIOLATED)
_6850_/RESET_B                          0.50    2.62   -2.12 (VIOLATED)
_6947_/RESET_B                          0.50    2.62   -2.12 (VIOLATED)
_6953_/RESET_B                          0.50    2.62   -2.12 (VIOLATED)
_6960_/RESET_B                          0.50    2.62   -2.12 (VIOLATED)
_6389_/RESET_B                          0.50    2.62   -2.12 (VIOLATED)
_6955_/RESET_B                          0.50    2.62   -2.12 (VIOLATED)
_6830_/RESET_B                          0.50    2.62   -2.12 (VIOLATED)
_6803_/RESET_B                          0.50    2.62   -2.12 (VIOLATED)
_6845_/RESET_B                          0.50    2.62   -2.12 (VIOLATED)
_6956_/RESET_B                          0.50    2.62   -2.12 (VIOLATED)
_6675_/RESET_B                          0.50    2.62   -2.12 (VIOLATED)
_6849_/RESET_B                          0.50    2.62   -2.12 (VIOLATED)
_6758_/RESET_B                          0.50    2.62   -2.12 (VIOLATED)
_6855_/RESET_B                          0.50    2.62   -2.12 (VIOLATED)
_6844_/RESET_B                          0.50    2.62   -2.12 (VIOLATED)
_6633_/RESET_B                          0.50    2.62   -2.12 (VIOLATED)
_6680_/RESET_B                          0.50    2.62   -2.12 (VIOLATED)
_6632_/RESET_B                          0.50    2.62   -2.12 (VIOLATED)
_6631_/RESET_B                          0.50    2.62   -2.12 (VIOLATED)
_6586_/RESET_B                          0.50    2.62   -2.12 (VIOLATED)
_6637_/RESET_B                          0.50    2.62   -2.12 (VIOLATED)
_6638_/RESET_B                          0.50    2.62   -2.12 (VIOLATED)
_6343_/SET_B                            0.50    2.62   -2.12 (VIOLATED)
_6573_/RESET_B                          0.50    2.62   -2.12 (VIOLATED)
_6575_/RESET_B                          0.50    2.62   -2.12 (VIOLATED)
_6839_/RESET_B                          0.50    2.62   -2.12 (VIOLATED)
_6446_/RESET_B                          0.50    2.62   -2.12 (VIOLATED)
_6572_/RESET_B                          0.50    2.62   -2.12 (VIOLATED)
_6727_/RESET_B                          0.50    2.62   -2.12 (VIOLATED)
_6999_/SET_B                            0.50    2.62   -2.12 (VIOLATED)
_6685_/RESET_B                          0.50    2.62   -2.12 (VIOLATED)
_6684_/RESET_B                          0.50    2.62   -2.12 (VIOLATED)
_6689_/RESET_B                          0.50    2.62   -2.12 (VIOLATED)
_6672_/RESET_B                          0.50    2.62   -2.12 (VIOLATED)
_6677_/RESET_B                          0.50    2.62   -2.12 (VIOLATED)
_6676_/RESET_B                          0.50    2.62   -2.12 (VIOLATED)
_6634_/RESET_B                          0.50    2.62   -2.12 (VIOLATED)
_6567_/RESET_B                          0.50    2.62   -2.12 (VIOLATED)
_6640_/RESET_B                          0.50    2.62   -2.12 (VIOLATED)
_6568_/RESET_B                          0.50    2.62   -2.12 (VIOLATED)
_6570_/RESET_B                          0.50    2.62   -2.12 (VIOLATED)
_6729_/RESET_B                          0.50    2.62   -2.12 (VIOLATED)
_6587_/SET_B                            0.50    2.62   -2.12 (VIOLATED)
_6574_/RESET_B                          0.50    2.62   -2.12 (VIOLATED)
_6890_/SET_B                            0.50    2.62   -2.12 (VIOLATED)
_6988_/RESET_B                          0.50    2.62   -2.12 (VIOLATED)
_6387_/SET_B                            0.50    2.62   -2.12 (VIOLATED)
_6865_/SET_B                            0.50    2.62   -2.12 (VIOLATED)
_6390_/RESET_B                          0.50    2.62   -2.12 (VIOLATED)
_6734_/RESET_B                          0.50    2.62   -2.12 (VIOLATED)
_6736_/RESET_B                          0.50    2.62   -2.12 (VIOLATED)
_6395_/RESET_B                          0.50    2.62   -2.12 (VIOLATED)
_6819_/RESET_B                          0.50    2.62   -2.12 (VIOLATED)
_6818_/RESET_B                          0.50    2.62   -2.12 (VIOLATED)
_6393_/RESET_B                          0.50    2.62   -2.12 (VIOLATED)
_6398_/RESET_B                          0.50    2.62   -2.12 (VIOLATED)
_7002_/RESET_B                          0.50    2.62   -2.12 (VIOLATED)
_7000_/RESET_B                          0.50    2.62   -2.12 (VIOLATED)
_6726_/RESET_B                          0.50    2.62   -2.12 (VIOLATED)
_6814_/RESET_B                          0.50    2.62   -2.12 (VIOLATED)
_6813_/RESET_B                          0.50    2.62   -2.12 (VIOLATED)
_6686_/RESET_B                          0.50    2.62   -2.12 (VIOLATED)
_6696_/RESET_B                          0.50    2.62   -2.12 (VIOLATED)
_6816_/RESET_B                          0.50    2.62   -2.12 (VIOLATED)
_7001_/RESET_B                          0.50    2.62   -2.12 (VIOLATED)
_6820_/RESET_B                          0.50    2.62   -2.12 (VIOLATED)
_6386_/RESET_B                          0.50    2.62   -2.12 (VIOLATED)
_6698_/RESET_B                          0.50    2.62   -2.12 (VIOLATED)
_6815_/RESET_B                          0.50    2.62   -2.12 (VIOLATED)
_6425_/RESET_B                          0.50    2.62   -2.12 (VIOLATED)
_6817_/RESET_B                          0.50    2.62   -2.12 (VIOLATED)
_6321_/RESET_B                          0.50    2.62   -2.12 (VIOLATED)
_6692_/RESET_B                          0.50    2.62   -2.12 (VIOLATED)
_6697_/RESET_B                          0.50    2.62   -2.12 (VIOLATED)
_6700_/SET_B                            0.50    2.62   -2.12 (VIOLATED)
_6699_/RESET_B                          0.50    2.62   -2.12 (VIOLATED)
_6695_/RESET_B                          0.50    2.62   -2.12 (VIOLATED)
_6624_/RESET_B                          0.50    2.62   -2.12 (VIOLATED)
_6735_/RESET_B                          0.50    2.62   -2.12 (VIOLATED)
_6417_/RESET_B                          0.50    2.62   -2.12 (VIOLATED)
_6679_/SET_B                            0.50    2.62   -2.12 (VIOLATED)
_6418_/RESET_B                          0.50    2.62   -2.12 (VIOLATED)
_6320_/RESET_B                          0.50    2.62   -2.12 (VIOLATED)
_6557_/RESET_B                          0.50    2.62   -2.12 (VIOLATED)
_6554_/RESET_B                          0.50    2.62   -2.12 (VIOLATED)
_6556_/RESET_B                          0.50    2.62   -2.12 (VIOLATED)
_6693_/RESET_B                          0.50    2.62   -2.12 (VIOLATED)
_6694_/RESET_B                          0.50    2.62   -2.12 (VIOLATED)
_6889_/RESET_B                          0.50    2.62   -2.12 (VIOLATED)
_6622_/RESET_B                          0.50    2.62   -2.12 (VIOLATED)
_6553_/RESET_B                          0.50    2.62   -2.12 (VIOLATED)
_6623_/RESET_B                          0.50    2.62   -2.12 (VIOLATED)
_6502_/RESET_B                          0.50    2.62   -2.12 (VIOLATED)
_6506_/RESET_B                          0.50    2.62   -2.12 (VIOLATED)
_6628_/RESET_B                          0.50    2.62   -2.12 (VIOLATED)
_6740_/RESET_B                          0.50    2.62   -2.12 (VIOLATED)
_6505_/RESET_B                          0.50    2.62   -2.12 (VIOLATED)
_6419_/RESET_B                          0.50    2.62   -2.12 (VIOLATED)
_6678_/RESET_B                          0.50    2.62   -2.12 (VIOLATED)
_6629_/RESET_B                          0.50    2.62   -2.12 (VIOLATED)
_6733_/RESET_B                          0.50    2.62   -2.12 (VIOLATED)
_6503_/RESET_B                          0.50    2.62   -2.12 (VIOLATED)
_6630_/RESET_B                          0.50    2.62   -2.12 (VIOLATED)
_6501_/RESET_B                          0.50    2.62   -2.12 (VIOLATED)
_6337_/RESET_B                          0.50    2.62   -2.12 (VIOLATED)
_6344_/RESET_B                          0.50    2.62   -2.12 (VIOLATED)
_6339_/RESET_B                          0.50    2.62   -2.12 (VIOLATED)
_6650_/SET_B                            0.50    2.62   -2.12 (VIOLATED)
_6338_/RESET_B                          0.50    2.62   -2.12 (VIOLATED)
_6332_/RESET_B                          0.50    2.62   -2.12 (VIOLATED)
_6340_/RESET_B                          0.50    2.62   -2.12 (VIOLATED)
_6958_/RESET_B                          0.50    2.62   -2.12 (VIOLATED)
_6504_/RESET_B                          0.50    2.62   -2.12 (VIOLATED)
_6588_/RESET_B                          0.50    2.62   -2.12 (VIOLATED)
_6341_/RESET_B                          0.50    2.62   -2.12 (VIOLATED)
_6936_/RESET_B                          0.50    2.62   -2.12 (VIOLATED)
_6488_/RESET_B                          0.50    2.62   -2.12 (VIOLATED)
_6995_/RESET_B                          0.50    2.62   -2.12 (VIOLATED)
_6728_/RESET_B                          0.50    2.62   -2.12 (VIOLATED)
_6448_/RESET_B                          0.50    2.62   -2.12 (VIOLATED)
_6451_/RESET_B                          0.50    2.62   -2.12 (VIOLATED)
_6951_/RESET_B                          0.50    2.62   -2.12 (VIOLATED)
_6957_/RESET_B                          0.50    2.62   -2.12 (VIOLATED)
_6416_/SET_B                            0.50    2.62   -2.12 (VIOLATED)
_7003_/RESET_B                          0.50    2.62   -2.12 (VIOLATED)
_6673_/RESET_B                          0.50    2.62   -2.12 (VIOLATED)
_6730_/RESET_B                          0.50    2.62   -2.12 (VIOLATED)
_6487_/RESET_B                          0.50    2.62   -2.12 (VIOLATED)
_6671_/RESET_B                          0.50    2.62   -2.12 (VIOLATED)
_6449_/RESET_B                          0.50    2.62   -2.12 (VIOLATED)
_6485_/SET_B                            0.50    2.62   -2.12 (VIOLATED)
_6996_/RESET_B                          0.50    2.62   -2.12 (VIOLATED)
_6704_/RESET_B                          0.50    2.62   -2.12 (VIOLATED)
_6486_/RESET_B                          0.50    2.62   -2.12 (VIOLATED)
_6450_/RESET_B                          0.50    2.62   -2.12 (VIOLATED)
_6952_/RESET_B                          0.50    2.62   -2.12 (VIOLATED)
_6982_/RESET_B                          0.50    2.62   -2.12 (VIOLATED)
_6590_/RESET_B                          0.50    2.62   -2.12 (VIOLATED)
_6589_/RESET_B                          0.50    2.62   -2.12 (VIOLATED)
_6635_/RESET_B                          0.50    2.62   -2.12 (VIOLATED)
_6447_/RESET_B                          0.50    2.62   -2.12 (VIOLATED)
_6625_/RESET_B                          0.50    2.62   -2.12 (VIOLATED)
_6627_/RESET_B                          0.50    2.62   -2.12 (VIOLATED)
_6626_/RESET_B                          0.50    2.62   -2.12 (VIOLATED)
_6597_/RESET_B                          0.50    2.62   -2.12 (VIOLATED)
_6641_/RESET_B                          0.50    2.62   -2.12 (VIOLATED)
_6992_/RESET_B                          0.50    2.62   -2.12 (VIOLATED)
_6528_/RESET_B                          0.50    2.62   -2.12 (VIOLATED)
_6526_/RESET_B                          0.50    2.62   -2.12 (VIOLATED)
_6527_/RESET_B                          0.50    2.62   -2.12 (VIOLATED)
_6525_/SET_B                            0.50    2.62   -2.12 (VIOLATED)
_6743_/RESET_B                          0.50    2.62   -2.12 (VIOLATED)
_6930_/RESET_B                          0.50    2.62   -2.12 (VIOLATED)
_6745_/RESET_B                          0.50    2.62   -2.12 (VIOLATED)
_6585_/SET_B                            0.50    2.62   -2.12 (VIOLATED)
_6990_/RESET_B                          0.50    2.62   -2.12 (VIOLATED)
_6383_/RESET_B                          0.50    2.62   -2.12 (VIOLATED)
_6576_/RESET_B                          0.50    2.62   -2.12 (VIOLATED)
_6737_/RESET_B                          0.50    2.62   -2.12 (VIOLATED)
_6991_/RESET_B                          0.50    2.62   -2.12 (VIOLATED)
_6571_/RESET_B                          0.50    2.62   -2.12 (VIOLATED)
_6388_/RESET_B                          0.50    2.62   -2.12 (VIOLATED)
_6843_/RESET_B                          0.50    2.62   -2.12 (VIOLATED)
_6596_/RESET_B                          0.50    2.62   -2.12 (VIOLATED)
_6593_/RESET_B                          0.50    2.62   -2.12 (VIOLATED)
_6599_/RESET_B                          0.50    2.62   -2.12 (VIOLATED)
_6595_/RESET_B                          0.50    2.62   -2.12 (VIOLATED)
_6594_/RESET_B                          0.50    2.62   -2.12 (VIOLATED)
_6598_/RESET_B                          0.50    2.62   -2.12 (VIOLATED)
_6569_/RESET_B                          0.50    2.62   -2.12 (VIOLATED)
_6926_/RESET_B                          0.50    2.62   -2.12 (VIOLATED)
_6600_/RESET_B                          0.50    2.62   -2.12 (VIOLATED)
_6744_/RESET_B                          0.50    2.62   -2.12 (VIOLATED)
_6742_/SET_B                            0.50    2.62   -2.12 (VIOLATED)
_6738_/RESET_B                          0.50    2.62   -2.12 (VIOLATED)
_6681_/RESET_B                          0.50    2.62   -2.12 (VIOLATED)
_6424_/RESET_B                          0.50    2.62   -2.12 (VIOLATED)
_6422_/SET_B                            0.50    2.62   -2.12 (VIOLATED)
_6757_/RESET_B                          0.50    2.62   -2.12 (VIOLATED)
_6989_/RESET_B                          0.50    2.62   -2.12 (VIOLATED)
_6841_/RESET_B                          0.50    2.62   -2.12 (VIOLATED)
_6380_/RESET_B                          0.50    2.62   -2.12 (VIOLATED)
_6868_/RESET_B                          0.50    2.61   -2.11 (VIOLATED)
_6423_/RESET_B                          0.50    2.61   -2.11 (VIOLATED)
_6927_/RESET_B                          0.50    2.61   -2.11 (VIOLATED)
_6883_/RESET_B                          0.50    2.61   -2.11 (VIOLATED)
_6914_/RESET_B                          0.50    2.61   -2.11 (VIOLATED)
_6840_/RESET_B                          0.50    2.61   -2.11 (VIOLATED)
_6353_/RESET_B                          0.50    2.61   -2.11 (VIOLATED)
_6739_/SET_B                            0.50    2.61   -2.11 (VIOLATED)
_6788_/RESET_B                          0.50    2.61   -2.11 (VIOLATED)
_6786_/SET_B                            0.50    2.61   -2.11 (VIOLATED)
_6838_/RESET_B                          0.50    2.61   -2.11 (VIOLATED)
_6707_/RESET_B                          0.50    2.61   -2.11 (VIOLATED)
_6925_/RESET_B                          0.50    2.61   -2.11 (VIOLATED)
_6924_/RESET_B                          0.50    2.61   -2.11 (VIOLATED)
_6923_/RESET_B                          0.50    2.61   -2.11 (VIOLATED)
_6921_/RESET_B                          0.50    2.61   -2.11 (VIOLATED)
_6920_/RESET_B                          0.50    2.61   -2.11 (VIOLATED)
_6922_/RESET_B                          0.50    2.61   -2.11 (VIOLATED)
_6732_/RESET_B                          0.50    2.61   -2.11 (VIOLATED)
_6851_/RESET_B                          0.50    2.61   -2.11 (VIOLATED)
_6787_/RESET_B                          0.50    2.61   -2.11 (VIOLATED)
_6789_/RESET_B                          0.50    2.61   -2.11 (VIOLATED)
_6837_/RESET_B                          0.50    2.61   -2.11 (VIOLATED)
_6842_/RESET_B                          0.50    2.61   -2.11 (VIOLATED)
_6836_/RESET_B                          0.50    2.61   -2.11 (VIOLATED)
_6370_/RESET_B                          0.50    2.61   -2.11 (VIOLATED)
_6864_/RESET_B                          0.50    2.61   -2.11 (VIOLATED)
_6379_/RESET_B                          0.50    2.61   -2.11 (VIOLATED)
_6336_/RESET_B                          0.50    2.61   -2.11 (VIOLATED)
_6863_/RESET_B                          0.50    2.61   -2.11 (VIOLATED)
_6861_/RESET_B                          0.50    2.61   -2.11 (VIOLATED)
_6862_/RESET_B                          0.50    2.61   -2.11 (VIOLATED)
_6858_/RESET_B                          0.50    2.61   -2.11 (VIOLATED)
_6376_/RESET_B                          0.50    2.61   -2.11 (VIOLATED)
_6857_/RESET_B                          0.50    2.61   -2.11 (VIOLATED)
_6382_/RESET_B                          0.50    2.61   -2.11 (VIOLATED)
_6381_/RESET_B                          0.50    2.61   -2.11 (VIOLATED)
_6378_/RESET_B                          0.50    2.61   -2.11 (VIOLATED)
_6859_/RESET_B                          0.50    2.61   -2.11 (VIOLATED)
_6860_/RESET_B                          0.50    2.61   -2.11 (VIOLATED)
_6377_/RESET_B                          0.50    2.61   -2.11 (VIOLATED)
rst_buf/X                               0.50    2.61   -2.11 (VIOLATED)
ready_for_next                          0.50    1.80   -1.30 (VIOLATED)
_3470_/Y                                0.50    1.80   -1.30 (VIOLATED)
_5600_/A                                0.50    0.89   -0.39 (VIOLATED)
_5561_/A                                0.50    0.89   -0.39 (VIOLATED)
_5630_/A                                0.50    0.89   -0.39 (VIOLATED)
_5624_/A                                0.50    0.89   -0.39 (VIOLATED)
_5768_/A                                0.50    0.89   -0.39 (VIOLATED)
_5612_/A                                0.50    0.89   -0.39 (VIOLATED)
_5613_/A                                0.50    0.89   -0.39 (VIOLATED)
_5560_/X                                0.50    0.89   -0.39 (VIOLATED)
_5593_/A                                0.50    0.89   -0.39 (VIOLATED)
_5696_/A                                0.50    0.88   -0.38 (VIOLATED)
_5525_/A                                0.50    0.88   -0.38 (VIOLATED)
_5582_/A                                0.50    0.88   -0.38 (VIOLATED)
_5631_/A                                0.50    0.88   -0.38 (VIOLATED)
_5627_/A                                0.50    0.88   -0.38 (VIOLATED)
_5620_/B2                               0.50    0.88   -0.38 (VIOLATED)
_5549_/A                                0.50    0.88   -0.38 (VIOLATED)
_5524_/X                                0.50    0.88   -0.38 (VIOLATED)
_5688_/A                                0.50    0.88   -0.38 (VIOLATED)
_5702_/B                                0.50    0.85   -0.35 (VIOLATED)
_5730_/B2                               0.50    0.85   -0.35 (VIOLATED)
_5715_/A                                0.50    0.85   -0.35 (VIOLATED)
_5698_/A                                0.50    0.85   -0.35 (VIOLATED)
_5533_/A                                0.50    0.85   -0.35 (VIOLATED)
_5565_/A                                0.50    0.85   -0.35 (VIOLATED)
_5608_/B2                               0.50    0.85   -0.35 (VIOLATED)
_5532_/X                                0.50    0.85   -0.35 (VIOLATED)
_5750_/A                                0.50    0.85   -0.35 (VIOLATED)
_5530_/A0                               0.50    0.78   -0.28 (VIOLATED)
_5747_/A                                0.50    0.78   -0.28 (VIOLATED)
_5679_/A                                0.50    0.78   -0.28 (VIOLATED)
_5802_/A                                0.50    0.78   -0.28 (VIOLATED)
_5803_/A                                0.50    0.78   -0.28 (VIOLATED)
_5576_/A                                0.50    0.78   -0.28 (VIOLATED)
_5529_/X                                0.50    0.78   -0.28 (VIOLATED)
_5717_/B2                               0.50    0.78   -0.28 (VIOLATED)
_5743_/A1                               0.50    0.78   -0.28 (VIOLATED)
_5681_/A1                               0.50    0.75   -0.25 (VIOLATED)
_5741_/A                                0.50    0.75   -0.25 (VIOLATED)
_5733_/A1                               0.50    0.75   -0.25 (VIOLATED)
_5709_/A2                               0.50    0.75   -0.25 (VIOLATED)
_5796_/A                                0.50    0.75   -0.25 (VIOLATED)
_5700_/A1                               0.50    0.75   -0.25 (VIOLATED)
_5584_/A1                               0.50    0.75   -0.25 (VIOLATED)
_5577_/X                                0.50    0.75   -0.25 (VIOLATED)
_5671_/A                                0.50    0.75   -0.25 (VIOLATED)
_5534_/A0                               0.50    0.72   -0.22 (VIOLATED)
_5751_/A                                0.50    0.72   -0.22 (VIOLATED)
_5677_/A                                0.50    0.72   -0.22 (VIOLATED)
_5678_/A                                0.50    0.72   -0.22 (VIOLATED)
_5764_/B2                               0.50    0.72   -0.22 (VIOLATED)
_5806_/A                                0.50    0.72   -0.22 (VIOLATED)
_5585_/A1                               0.50    0.72   -0.22 (VIOLATED)
_5533_/X                                0.50    0.72   -0.22 (VIOLATED)
_5728_/B2                               0.50    0.72   -0.22 (VIOLATED)
_4364_/A                                0.50    0.69   -0.19 (VIOLATED)
_4360_/A                                0.50    0.69   -0.19 (VIOLATED)
_3597_/A                                0.50    0.69   -0.19 (VIOLATED)
_4370_/A                                0.50    0.69   -0.19 (VIOLATED)
_4372_/A                                0.50    0.69   -0.19 (VIOLATED)
_4368_/A                                0.50    0.69   -0.19 (VIOLATED)
_4366_/A                                0.50    0.69   -0.19 (VIOLATED)
_4380_/A                                0.50    0.69   -0.19 (VIOLATED)
_3596_/X                                0.50    0.69   -0.19 (VIOLATED)
_5732_/A                                0.50    0.67   -0.17 (VIOLATED)
_5739_/A                                0.50    0.67   -0.17 (VIOLATED)
_5707_/B                                0.50    0.67   -0.17 (VIOLATED)
_5744_/B                                0.50    0.67   -0.17 (VIOLATED)
_5521_/A                                0.50    0.67   -0.17 (VIOLATED)
_5635_/B                                0.50    0.67   -0.17 (VIOLATED)
_5583_/A1                               0.50    0.67   -0.17 (VIOLATED)
_5567_/A                                0.50    0.67   -0.17 (VIOLATED)
_5520_/X                                0.50    0.67   -0.17 (VIOLATED)
_5599_/B_N                              0.50    0.65   -0.15 (VIOLATED)
_5529_/A                                0.50    0.65   -0.15 (VIOLATED)
_5562_/A1                               0.50    0.65   -0.15 (VIOLATED)
_5570_/A                                0.50    0.65   -0.15 (VIOLATED)
_5623_/A                                0.50    0.65   -0.15 (VIOLATED)
_5616_/B                                0.50    0.65   -0.15 (VIOLATED)
_5615_/A_N                              0.50    0.65   -0.15 (VIOLATED)
_5587_/A                                0.50    0.65   -0.15 (VIOLATED)
_5528_/X                                0.50    0.65   -0.15 (VIOLATED)
_3252_/A1                               0.50    0.65   -0.15 (VIOLATED)
_3627_/A1                               0.50    0.65   -0.15 (VIOLATED)
_3372_/A1                               0.50    0.65   -0.15 (VIOLATED)
_3758_/A                                0.50    0.65   -0.15 (VIOLATED)
_3178_/A                                0.50    0.65   -0.15 (VIOLATED)
_3362_/A                                0.50    0.65   -0.15 (VIOLATED)
_3497_/A                                0.50    0.65   -0.15 (VIOLATED)
_3395_/A                                0.50    0.65   -0.15 (VIOLATED)
_3177_/X                                0.50    0.65   -0.15 (VIOLATED)
_3177_/A                                0.50    0.64   -0.14 (VIOLATED)
_3284_/A1                               0.50    0.64   -0.14 (VIOLATED)
_3728_/A                                0.50    0.64   -0.14 (VIOLATED)
_3623_/A                                0.50    0.64   -0.14 (VIOLATED)
_5337_/A                                0.50    0.64   -0.14 (VIOLATED)
_3471_/A                                0.50    0.64   -0.14 (VIOLATED)
_4335_/A                                0.50    0.64   -0.14 (VIOLATED)
_3176_/X                                0.50    0.64   -0.14 (VIOLATED)
_3695_/A1                               0.50    0.64   -0.14 (VIOLATED)
_5680_/A1                               0.50    0.64   -0.14 (VIOLATED)
_5748_/A1                               0.50    0.64   -0.14 (VIOLATED)
_5746_/A1                               0.50    0.64   -0.14 (VIOLATED)
_5730_/A1                               0.50    0.64   -0.14 (VIOLATED)
_5695_/A1                               0.50    0.64   -0.14 (VIOLATED)
_5723_/A1                               0.50    0.64   -0.14 (VIOLATED)
_5517_/A                                0.50    0.64   -0.14 (VIOLATED)
_5516_/X                                0.50    0.64   -0.14 (VIOLATED)
_5604_/A1                               0.50    0.64   -0.14 (VIOLATED)
_5713_/A                                0.50    0.63   -0.13 (VIOLATED)
_5714_/A                                0.50    0.63   -0.13 (VIOLATED)
_5577_/A                                0.50    0.63   -0.13 (VIOLATED)
_5573_/A                                0.50    0.63   -0.13 (VIOLATED)
_5633_/A                                0.50    0.63   -0.13 (VIOLATED)
_5757_/A                                0.50    0.63   -0.13 (VIOLATED)
_5758_/A                                0.50    0.63   -0.13 (VIOLATED)
_5689_/A1                               0.50    0.63   -0.13 (VIOLATED)
_5572_/X                                0.50    0.63   -0.13 (VIOLATED)
_4350_/A                                0.50    0.61   -0.11 (VIOLATED)
_4354_/A                                0.50    0.61   -0.11 (VIOLATED)
_4346_/A                                0.50    0.61   -0.11 (VIOLATED)
_4356_/A                                0.50    0.61   -0.11 (VIOLATED)
_4352_/A                                0.50    0.61   -0.11 (VIOLATED)
_4348_/A                                0.50    0.61   -0.11 (VIOLATED)
_4340_/A                                0.50    0.61   -0.11 (VIOLATED)
_4358_/A                                0.50    0.61   -0.11 (VIOLATED)
_4339_/X                                0.50    0.61   -0.11 (VIOLATED)
_5799_/B                                0.50    0.58   -0.08 (VIOLATED)
_5800_/B1                               0.50    0.58   -0.08 (VIOLATED)
_5526_/A0                               0.50    0.58   -0.08 (VIOLATED)
_5752_/A1                               0.50    0.58   -0.08 (VIOLATED)
_5682_/A1                               0.50    0.58   -0.08 (VIOLATED)
_5596_/A                                0.50    0.58   -0.08 (VIOLATED)
_5740_/A1                               0.50    0.58   -0.08 (VIOLATED)
_5703_/A2                               0.50    0.58   -0.08 (VIOLATED)
_5525_/X                                0.50    0.58   -0.08 (VIOLATED)
_5748_/B2                               0.50    0.58   -0.08 (VIOLATED)
_5669_/A                                0.50    0.58   -0.08 (VIOLATED)
_5733_/B2                               0.50    0.58   -0.08 (VIOLATED)
_5717_/A1                               0.50    0.58   -0.08 (VIOLATED)
_5764_/A1                               0.50    0.58   -0.08 (VIOLATED)
_5766_/A1                               0.50    0.58   -0.08 (VIOLATED)
_5571_/A1                               0.50    0.58   -0.08 (VIOLATED)
_5604_/B2                               0.50    0.58   -0.08 (VIOLATED)
_5569_/X                                0.50    0.58   -0.08 (VIOLATED)
_5699_/A1                               0.50    0.57   -0.07 (VIOLATED)
_5697_/B2                               0.50    0.57   -0.07 (VIOLATED)
_5703_/B2                               0.50    0.57   -0.07 (VIOLATED)
_5636_/A1                               0.50    0.57   -0.07 (VIOLATED)
_5760_/A                                0.50    0.57   -0.07 (VIOLATED)
_5690_/B2                               0.50    0.57   -0.07 (VIOLATED)
_5691_/A1                               0.50    0.57   -0.07 (VIOLATED)
_5609_/X                                0.50    0.57   -0.07 (VIOLATED)
_5610_/A1                               0.50    0.57   -0.07 (VIOLATED)
_5277_/A1                               0.50    0.57   -0.07 (VIOLATED)
_5302_/A1                               0.50    0.57   -0.07 (VIOLATED)
_5218_/A1                               0.50    0.57   -0.07 (VIOLATED)
_5013_/A1                               0.50    0.57   -0.07 (VIOLATED)
_5121_/A1                               0.50    0.57   -0.07 (VIOLATED)
_5057_/A1                               0.50    0.57   -0.07 (VIOLATED)
_5467_/A1                               0.50    0.57   -0.07 (VIOLATED)
_4833_/X                                0.50    0.57   -0.07 (VIOLATED)
_4834_/A1                               0.50    0.57   -0.07 (VIOLATED)
_4743_/A1                               0.50    0.56   -0.06 (VIOLATED)
_4593_/A1                               0.50    0.56   -0.06 (VIOLATED)
_4955_/A0                               0.50    0.56   -0.06 (VIOLATED)
_4518_/A1                               0.50    0.56   -0.06 (VIOLATED)
_4676_/A1                               0.50    0.56   -0.06 (VIOLATED)
_4390_/X                                0.50    0.56   -0.06 (VIOLATED)
_4391_/A1                               0.50    0.56   -0.06 (VIOLATED)
_5541_/A                                0.50    0.56   -0.06 (VIOLATED)
_5542_/A1                               0.50    0.56   -0.06 (VIOLATED)
_4747_/A1                               0.50    0.56   -0.06 (VIOLATED)
_4398_/A1                               0.50    0.56   -0.06 (VIOLATED)
_4959_/A0                               0.50    0.56   -0.06 (VIOLATED)
_4597_/A1                               0.50    0.56   -0.06 (VIOLATED)
_5546_/A                                0.50    0.56   -0.06 (VIOLATED)
_4838_/A1                               0.50    0.56   -0.06 (VIOLATED)
_4397_/X                                0.50    0.56   -0.06 (VIOLATED)
_4522_/A1                               0.50    0.56   -0.06 (VIOLATED)
_4680_/A1                               0.50    0.56   -0.06 (VIOLATED)
_5815_/A1                               0.50    0.55   -0.05 (VIOLATED)
_5019_/A1                               0.50    0.55   -0.05 (VIOLATED)
_5306_/A1                               0.50    0.55   -0.05 (VIOLATED)
_5281_/A1                               0.50    0.55   -0.05 (VIOLATED)
_5222_/A1                               0.50    0.55   -0.05 (VIOLATED)
_5061_/A1                               0.50    0.55   -0.05 (VIOLATED)
_5471_/A1                               0.50    0.55   -0.05 (VIOLATED)
_5125_/A1                               0.50    0.55   -0.05 (VIOLATED)
_5018_/X                                0.50    0.55   -0.05 (VIOLATED)
_5597_/A                                0.50    0.55   -0.05 (VIOLATED)
_5706_/B                                0.50    0.55   -0.05 (VIOLATED)
_5559_/A                                0.50    0.55   -0.05 (VIOLATED)
_5566_/A                                0.50    0.55   -0.05 (VIOLATED)
_5607_/A                                0.50    0.55   -0.05 (VIOLATED)
_5634_/A_N                              0.50    0.55   -0.05 (VIOLATED)
_5626_/B_N                              0.50    0.55   -0.05 (VIOLATED)
_5519_/X                                0.50    0.55   -0.05 (VIOLATED)
_5520_/A                                0.50    0.55   -0.05 (VIOLATED)
_5697_/A1                               0.50    0.54   -0.04 (VIOLATED)
_5724_/A1_N                             0.50    0.54   -0.04 (VIOLATED)
_5761_/A1                               0.50    0.54   -0.04 (VIOLATED)
_5668_/A                                0.50    0.54   -0.04 (VIOLATED)
_5770_/B2                               0.50    0.54   -0.04 (VIOLATED)
_5554_/B2                               0.50    0.54   -0.04 (VIOLATED)
_5553_/X                                0.50    0.54   -0.04 (VIOLATED)
_5617_/A1                               0.50    0.54   -0.04 (VIOLATED)
_5625_/B2                               0.50    0.54   -0.04 (VIOLATED)
_3500_/A                                0.50    0.54   -0.04 (VIOLATED)
_3438_/A                                0.50    0.54   -0.04 (VIOLATED)
_3418_/A1                               0.50    0.54   -0.04 (VIOLATED)
_3304_/A                                0.50    0.54   -0.04 (VIOLATED)
_3203_/A                                0.50    0.54   -0.04 (VIOLATED)
_3182_/A                                0.50    0.54   -0.04 (VIOLATED)
_3179_/A                                0.50    0.54   -0.04 (VIOLATED)
_3178_/X                                0.50    0.54   -0.04 (VIOLATED)
_3200_/A                                0.50    0.54   -0.04 (VIOLATED)
_5711_/A1                               0.50    0.53   -0.03 (VIOLATED)
_5718_/A1                               0.50    0.53   -0.03 (VIOLATED)
_5695_/B2                               0.50    0.53   -0.03 (VIOLATED)
_5725_/A1                               0.50    0.53   -0.03 (VIOLATED)
_5670_/A1                               0.50    0.53   -0.03 (VIOLATED)
_5798_/A                                0.50    0.53   -0.03 (VIOLATED)
_5686_/A1                               0.50    0.53   -0.03 (VIOLATED)
_5771_/A1                               0.50    0.53   -0.03 (VIOLATED)
_5668_/X                                0.50    0.53   -0.03 (VIOLATED)
_5673_/A1                               0.50    0.53   -0.03 (VIOLATED)
_5693_/A1                               0.50    0.53   -0.03 (VIOLATED)
_5522_/A0                               0.50    0.53   -0.03 (VIOLATED)
_5759_/A1                               0.50    0.53   -0.03 (VIOLATED)
_5799_/A                                0.50    0.53   -0.03 (VIOLATED)
_5800_/A1                               0.50    0.53   -0.03 (VIOLATED)
_5521_/X                                0.50    0.53   -0.03 (VIOLATED)
_5675_/A                                0.50    0.53   -0.03 (VIOLATED)
_5745_/A_N                              0.50    0.53   -0.03 (VIOLATED)
_5670_/B2                               0.50    0.52   -0.02 (VIOLATED)
_5672_/A1                               0.50    0.52   -0.02 (VIOLATED)
_5722_/A                                0.50    0.52   -0.02 (VIOLATED)
_5723_/B2                               0.50    0.52   -0.02 (VIOLATED)
_5711_/B2                               0.50    0.52   -0.02 (VIOLATED)
_5736_/B2                               0.50    0.52   -0.02 (VIOLATED)
_5729_/A1                               0.50    0.52   -0.02 (VIOLATED)
_5669_/X                                0.50    0.52   -0.02 (VIOLATED)
_5680_/B2                               0.50    0.52   -0.02 (VIOLATED)
prediction_out                          0.50    0.51   -0.01 (VIOLATED)
_5514_/A1                               0.50    0.51   -0.01 (VIOLATED)
_6760_/Q                                0.50    0.51   -0.01 (VIOLATED)
_4951_/A0                               0.50    0.51   -0.01 (VIOLATED)
_5537_/A                                0.50    0.51   -0.01 (VIOLATED)
_4739_/A1                               0.50    0.51   -0.01 (VIOLATED)
_4589_/A1                               0.50    0.51   -0.01 (VIOLATED)
_5538_/A1                               0.50    0.51   -0.01 (VIOLATED)
_4384_/A1                               0.50    0.51   -0.01 (VIOLATED)
_4383_/X                                0.50    0.51   -0.01 (VIOLATED)
_4514_/A1                               0.50    0.51   -0.01 (VIOLATED)
_4672_/A1                               0.50    0.51   -0.01 (VIOLATED)
prediction_valid                        0.50    0.51   -0.01 (VIOLATED)
_6759_/Q                                0.50    0.51   -0.01 (VIOLATED)
frame_id_out[4]                         0.50    0.51   -0.01 (VIOLATED)
_5534_/A1                               0.50    0.51   -0.01 (VIOLATED)
_6765_/Q                                0.50    0.51   -0.01 (VIOLATED)
_5016_/A1                               0.50    0.50   -0.00 (VIOLATED)
_5304_/A1                               0.50    0.50   -0.00 (VIOLATED)
_5279_/A1                               0.50    0.50   -0.00 (VIOLATED)
_5220_/A1                               0.50    0.50   -0.00 (VIOLATED)
_5059_/A1                               0.50    0.50   -0.00 (VIOLATED)
_5813_/A1                               0.50    0.50   -0.00 (VIOLATED)
_5469_/A1                               0.50    0.50   -0.00 (VIOLATED)
_5015_/X                                0.50    0.50   -0.00 (VIOLATED)
_5123_/A1                               0.50    0.50   -0.00 (VIOLATED)
_5551_/A1_N                             0.50    0.50   -0.00 (VIOLATED)
_5557_/A1                               0.50    0.50   -0.00 (VIOLATED)
_5724_/B2                               0.50    0.50   -0.00 (VIOLATED)
_5705_/B2                               0.50    0.50   -0.00 (VIOLATED)
_5625_/A1                               0.50    0.50   -0.00 (VIOLATED)
_5548_/X                                0.50    0.50   -0.00 (VIOLATED)
_5598_/A1                               0.50    0.50   -0.00 (VIOLATED)
_5690_/A1                               0.50    0.50   -0.00 (VIOLATED)
_5770_/A1                               0.50    0.50   -0.00 (VIOLATED)

max capacitance

Pin                                    Limit     Cap   Slack
------------------------------------------------------------
rst_buf/X                               1.53    2.67   -1.14 (VIOLATED)
_3470_/Y                                0.09    0.11   -0.02 (VIOLATED)


max slew violations count Typical: 877
max fanout violations count Typical: 0
max cap violations count Typical: 2

===========================================================================
report_parasitic_annotation -report_unannotated
============================================================================
Found 193 unannotated drivers.
 arbitration_id[0]
 arbitration_id[10]
 arbitration_id[11]
 arbitration_id[12]
 arbitration_id[13]
 arbitration_id[14]
 arbitration_id[15]
 arbitration_id[16]
 arbitration_id[17]
 arbitration_id[18]
 arbitration_id[19]
 arbitration_id[1]
 arbitration_id[20]
 arbitration_id[21]
 arbitration_id[22]
 arbitration_id[23]
 arbitration_id[24]
 arbitration_id[25]
 arbitration_id[26]
 arbitration_id[27]
 arbitration_id[28]
 arbitration_id[29]
 arbitration_id[2]
 arbitration_id[30]
 arbitration_id[31]
 arbitration_id[32]
 arbitration_id[33]
 arbitration_id[34]
 arbitration_id[35]
 arbitration_id[36]
 arbitration_id[37]
 arbitration_id[38]
 arbitration_id[39]
 arbitration_id[3]
 arbitration_id[40]
 arbitration_id[41]
 arbitration_id[42]
 arbitration_id[43]
 arbitration_id[44]
 arbitration_id[45]
 arbitration_id[46]
 arbitration_id[47]
 arbitration_id[48]
 arbitration_id[49]
 arbitration_id[4]
 arbitration_id[50]
 arbitration_id[51]
 arbitration_id[52]
 arbitration_id[53]
 arbitration_id[54]
 arbitration_id[55]
 arbitration_id[56]
 arbitration_id[57]
 arbitration_id[58]
 arbitration_id[59]
 arbitration_id[5]
 arbitration_id[60]
 arbitration_id[61]
 arbitration_id[62]
 arbitration_id[63]
 arbitration_id[6]
 arbitration_id[7]
 arbitration_id[8]
 arbitration_id[9]
 clk
 data_field[0]
 data_field[10]
 data_field[11]
 data_field[12]
 data_field[13]
 data_field[14]
 data_field[15]
 data_field[16]
 data_field[17]
 data_field[18]
 data_field[19]
 data_field[1]
 data_field[20]
 data_field[21]
 data_field[22]
 data_field[23]
 data_field[24]
 data_field[25]
 data_field[26]
 data_field[27]
 data_field[28]
 data_field[29]
 data_field[2]
 data_field[30]
 data_field[31]
 data_field[32]
 data_field[33]
 data_field[34]
 data_field[35]
 data_field[36]
 data_field[37]
 data_field[38]
 data_field[39]
 data_field[3]
 data_field[40]
 data_field[41]
 data_field[42]
 data_field[43]
 data_field[44]
 data_field[45]
 data_field[46]
 data_field[47]
 data_field[48]
 data_field[49]
 data_field[4]
 data_field[50]
 data_field[51]
 data_field[52]
 data_field[53]
 data_field[54]
 data_field[55]
 data_field[56]
 data_field[57]
 data_field[58]
 data_field[59]
 data_field[5]
 data_field[60]
 data_field[61]
 data_field[62]
 data_field[63]
 data_field[6]
 data_field[7]
 data_field[8]
 data_field[9]
 timestamp[0]
 timestamp[10]
 timestamp[11]
 timestamp[12]
 timestamp[13]
 timestamp[14]
 timestamp[15]
 timestamp[16]
 timestamp[17]
 timestamp[18]
 timestamp[19]
 timestamp[1]
 timestamp[20]
 timestamp[21]
 timestamp[22]
 timestamp[23]
 timestamp[24]
 timestamp[25]
 timestamp[26]
 timestamp[27]
 timestamp[28]
 timestamp[29]
 timestamp[2]
 timestamp[30]
 timestamp[31]
 timestamp[32]
 timestamp[33]
 timestamp[34]
 timestamp[35]
 timestamp[36]
 timestamp[37]
 timestamp[38]
 timestamp[39]
 timestamp[3]
 timestamp[40]
 timestamp[41]
 timestamp[42]
 timestamp[43]
 timestamp[44]
 timestamp[45]
 timestamp[46]
 timestamp[47]
 timestamp[48]
 timestamp[49]
 timestamp[4]
 timestamp[50]
 timestamp[51]
 timestamp[52]
 timestamp[53]
 timestamp[54]
 timestamp[55]
 timestamp[56]
 timestamp[57]
 timestamp[58]
 timestamp[59]
 timestamp[5]
 timestamp[60]
 timestamp[61]
 timestamp[62]
 timestamp[63]
 timestamp[6]
 timestamp[7]
 timestamp[8]
 timestamp[9]
Found 0 partially unannotated drivers.

===========================================================================
max slew violation count 877
max fanout violation count 0
max cap violation count 2
============================================================================

===========================================================================
check_setup -verbose -unconstrained_endpoints -multiple_clock -no_clock -no_input_delay -loops -generated_clocks
===========================================================================
