
===========================================================================
report_checks -unconstrained
===========================================================================
======================= Fastest Corner ===================================

Startpoint: _6765_ (rising edge-triggered flip-flop clocked by clk)
Endpoint: frame_id_out[4] (output port clocked by clk)
Path Group: clk
Path Type: max
Corner: Fastest

Fanout     Cap    Slew   Delay    Time   Description
-----------------------------------------------------------------------------
                          0.00    0.00   clock clk (rise edge)
                          0.00    0.00   clock source latency
     2    0.02    0.02    0.02    0.02 ^ clk (in)
                                         clk (net)
                  0.03    0.00    0.02 ^ wire1/A (sky130_fd_sc_hd__clkbuf_2)
     2    0.03    0.11    0.12    0.15 ^ wire1/X (sky130_fd_sc_hd__clkbuf_2)
                                         net40 (net)
                  0.11    0.00    0.15 ^ clkbuf_0_clk/A (sky130_fd_sc_hd__clkbuf_16)
    16    0.17    0.14    0.18    0.33 ^ clkbuf_0_clk/X (sky130_fd_sc_hd__clkbuf_16)
                                         clknet_0_clk (net)
                  0.14    0.01    0.34 ^ clkbuf_3_2__f_clk/A (sky130_fd_sc_hd__clkbuf_16)
    28    0.11    0.10    0.16    0.50 ^ clkbuf_3_2__f_clk/X (sky130_fd_sc_hd__clkbuf_16)
                                         clknet_3_2__leaf_clk (net)
                  0.10    0.01    0.51 ^ clkbuf_leaf_26_clk/A (sky130_fd_sc_hd__clkbuf_4)
     9    0.03    0.08    0.14    0.65 ^ clkbuf_leaf_26_clk/X (sky130_fd_sc_hd__clkbuf_4)
                                         clknet_leaf_26_clk (net)
                  0.08    0.00    0.65 ^ _6765_/CLK (sky130_fd_sc_hd__dfrtp_1)
     2    0.02    0.13    0.29    0.94 ^ _6765_/Q (sky130_fd_sc_hd__dfrtp_1)
                                         net6 (net)
                  0.13    0.00    0.94 ^ output6/A (sky130_fd_sc_hd__buf_8)
     1    0.10    0.13    0.14    1.09 ^ output6/X (sky130_fd_sc_hd__buf_8)
                                         frame_id_out[4] (net)
                  0.13    0.01    1.09 ^ frame_id_out[4] (out)
                                  1.09   data arrival time

                         10.00   10.00   clock clk (rise edge)
                          0.00   10.00   clock network delay (propagated)
                         -0.10    9.90   clock uncertainty
                          0.00    9.90   clock reconvergence pessimism
                         -2.00    7.90   output external delay
                                  7.90   data required time
-----------------------------------------------------------------------------
                                  7.90   data required time
                                 -1.09   data arrival time
-----------------------------------------------------------------------------
                                  6.81   slack (MET)



======================= Slowest Corner ===================================

Startpoint: _6765_ (rising edge-triggered flip-flop clocked by clk)
Endpoint: frame_id_out[4] (output port clocked by clk)
Path Group: clk
Path Type: max
Corner: Slowest

Fanout     Cap    Slew   Delay    Time   Description
-----------------------------------------------------------------------------
                          0.00    0.00   clock clk (rise edge)
                          0.00    0.00   clock source latency
     2    0.02    0.02    0.02    0.02 ^ clk (in)
                                         clk (net)
                  0.03    0.00    0.02 ^ wire1/A (sky130_fd_sc_hd__clkbuf_2)
     2    0.03    0.23    0.29    0.31 ^ wire1/X (sky130_fd_sc_hd__clkbuf_2)
                                         net40 (net)
                  0.23    0.00    0.32 ^ clkbuf_0_clk/A (sky130_fd_sc_hd__clkbuf_16)
    16    0.17    0.27    0.46    0.77 ^ clkbuf_0_clk/X (sky130_fd_sc_hd__clkbuf_16)
                                         clknet_0_clk (net)
                  0.27    0.01    0.79 ^ clkbuf_3_2__f_clk/A (sky130_fd_sc_hd__clkbuf_16)
    28    0.11    0.19    0.41    1.20 ^ clkbuf_3_2__f_clk/X (sky130_fd_sc_hd__clkbuf_16)
                                         clknet_3_2__leaf_clk (net)
                  0.19    0.01    1.21 ^ clkbuf_leaf_26_clk/A (sky130_fd_sc_hd__clkbuf_4)
     9    0.03    0.16    0.37    1.58 ^ clkbuf_leaf_26_clk/X (sky130_fd_sc_hd__clkbuf_4)
                                         clknet_leaf_26_clk (net)
                  0.16    0.00    1.58 ^ _6765_/CLK (sky130_fd_sc_hd__dfrtp_1)
     2    0.02    0.21    0.91    2.49 v _6765_/Q (sky130_fd_sc_hd__dfrtp_1)
                                         net6 (net)
                  0.21    0.00    2.49 v output6/A (sky130_fd_sc_hd__buf_8)
     1    0.10    0.14    0.36    2.86 v output6/X (sky130_fd_sc_hd__buf_8)
                                         frame_id_out[4] (net)
                  0.14    0.01    2.86 v frame_id_out[4] (out)
                                  2.86   data arrival time

                         10.00   10.00   clock clk (rise edge)
                          0.00   10.00   clock network delay (propagated)
                         -0.10    9.90   clock uncertainty
                          0.00    9.90   clock reconvergence pessimism
                         -2.00    7.90   output external delay
                                  7.90   data required time
-----------------------------------------------------------------------------
                                  7.90   data required time
                                 -2.86   data arrival time
-----------------------------------------------------------------------------
                                  5.04   slack (MET)



======================= Typical Corner ===================================

Startpoint: _6765_ (rising edge-triggered flip-flop clocked by clk)
Endpoint: frame_id_out[4] (output port clocked by clk)
Path Group: clk
Path Type: max
Corner: Typical

Fanout     Cap    Slew   Delay    Time   Description
-----------------------------------------------------------------------------
                          0.00    0.00   clock clk (rise edge)
                          0.00    0.00   clock source latency
     2    0.02    0.02    0.02    0.02 ^ clk (in)
                                         clk (net)
                  0.03    0.00    0.02 ^ wire1/A (sky130_fd_sc_hd__clkbuf_2)
     2    0.03    0.15    0.17    0.20 ^ wire1/X (sky130_fd_sc_hd__clkbuf_2)
                                         net40 (net)
                  0.15    0.00    0.20 ^ clkbuf_0_clk/A (sky130_fd_sc_hd__clkbuf_16)
    16    0.17    0.18    0.26    0.46 ^ clkbuf_0_clk/X (sky130_fd_sc_hd__clkbuf_16)
                                         clknet_0_clk (net)
                  0.18    0.01    0.47 ^ clkbuf_3_2__f_clk/A (sky130_fd_sc_hd__clkbuf_16)
    28    0.11    0.12    0.23    0.71 ^ clkbuf_3_2__f_clk/X (sky130_fd_sc_hd__clkbuf_16)
                                         clknet_3_2__leaf_clk (net)
                  0.13    0.01    0.72 ^ clkbuf_leaf_26_clk/A (sky130_fd_sc_hd__clkbuf_4)
     9    0.03    0.10    0.20    0.92 ^ clkbuf_leaf_26_clk/X (sky130_fd_sc_hd__clkbuf_4)
                                         clknet_leaf_26_clk (net)
                  0.10    0.00    0.92 ^ _6765_/CLK (sky130_fd_sc_hd__dfrtp_1)
     2    0.02    0.18    0.44    1.36 ^ _6765_/Q (sky130_fd_sc_hd__dfrtp_1)
                                         net6 (net)
                  0.18    0.00    1.37 ^ output6/A (sky130_fd_sc_hd__buf_8)
     1    0.10    0.17    0.22    1.59 ^ output6/X (sky130_fd_sc_hd__buf_8)
                                         frame_id_out[4] (net)
                  0.17    0.01    1.59 ^ frame_id_out[4] (out)
                                  1.59   data arrival time

                         10.00   10.00   clock clk (rise edge)
                          0.00   10.00   clock network delay (propagated)
                         -0.10    9.90   clock uncertainty
                          0.00    9.90   clock reconvergence pessimism
                         -2.00    7.90   output external delay
                                  7.90   data required time
-----------------------------------------------------------------------------
                                  7.90   data required time
                                 -1.59   data arrival time
-----------------------------------------------------------------------------
                                  6.31   slack (MET)




===========================================================================
report_checks --slack_max -0.01
============================================================================
======================= Fastest Corner ===================================

No paths found.

======================= Slowest Corner ===================================

No paths found.

======================= Typical Corner ===================================

No paths found.


===========================================================================
 report_check_types -max_slew -max_cap -max_fanout -violators
============================================================================
======================= Fastest Corner ===================================


max slew violations count Fastest: 0
max fanout violations count Fastest: 0
max cap violations count Fastest: 0
======================= Slowest Corner ===================================

max slew

Pin                                    Limit    Slew   Slack
------------------------------------------------------------
_4360_/A                                0.50    0.59   -0.09 (VIOLATED)
ANTENNA__4360__A/DIODE                  0.50    0.59   -0.09 (VIOLATED)
ANTENNA__4364__A/DIODE                  0.50    0.59   -0.09 (VIOLATED)
_4364_/A                                0.50    0.59   -0.09 (VIOLATED)
_4372_/A                                0.50    0.58   -0.08 (VIOLATED)
ANTENNA__4372__A/DIODE                  0.50    0.58   -0.08 (VIOLATED)
_4368_/A                                0.50    0.58   -0.08 (VIOLATED)
ANTENNA__4368__A/DIODE                  0.50    0.58   -0.08 (VIOLATED)
_4366_/A                                0.50    0.58   -0.08 (VIOLATED)
ANTENNA__4366__A/DIODE                  0.50    0.58   -0.08 (VIOLATED)
_4380_/A                                0.50    0.58   -0.08 (VIOLATED)
ANTENNA__4380__A/DIODE                  0.50    0.58   -0.08 (VIOLATED)
_3597_/A                                0.50    0.58   -0.08 (VIOLATED)
ANTENNA__3597__A/DIODE                  0.50    0.58   -0.08 (VIOLATED)
_4370_/A                                0.50    0.58   -0.08 (VIOLATED)
ANTENNA__4370__A/DIODE                  0.50    0.58   -0.08 (VIOLATED)
_3596_/X                                0.50    0.58   -0.08 (VIOLATED)
_3463_/D                                0.50    0.58   -0.08 (VIOLATED)
ANTENNA__3463__D/DIODE                  0.50    0.58   -0.08 (VIOLATED)
ANTENNA__6135__B2/DIODE                 0.50    0.58   -0.08 (VIOLATED)
_6135_/B2                               0.50    0.58   -0.08 (VIOLATED)
_6928_/Q                                0.50    0.58   -0.08 (VIOLATED)
_5648_/B_N                              0.50    0.55   -0.05 (VIOLATED)
ANTENNA__5648__B_N/DIODE                0.50    0.55   -0.05 (VIOLATED)
_5640_/A                                0.50    0.55   -0.05 (VIOLATED)
ANTENNA__5640__A/DIODE                  0.50    0.55   -0.05 (VIOLATED)
_5564_/X                                0.50    0.55   -0.05 (VIOLATED)
_5925_/A1                               0.50    0.55   -0.05 (VIOLATED)
_5010_/A                                0.50    0.55   -0.05 (VIOLATED)
_6201_/A1                               0.50    0.55   -0.05 (VIOLATED)
ANTENNA__5925__A1/DIODE                 0.50    0.55   -0.05 (VIOLATED)
ANTENNA__6201__A1/DIODE                 0.50    0.55   -0.05 (VIOLATED)
ANTENNA__5010__A/DIODE                  0.50    0.55   -0.05 (VIOLATED)
_6006_/A1                               0.50    0.55   -0.05 (VIOLATED)
ANTENNA__6006__A1/DIODE                 0.50    0.55   -0.05 (VIOLATED)
_4387_/A                                0.50    0.55   -0.05 (VIOLATED)
ANTENNA__4387__A/DIODE                  0.50    0.55   -0.05 (VIOLATED)
_5856_/A1                               0.50    0.55   -0.05 (VIOLATED)
ANTENNA__5856__A1/DIODE                 0.50    0.55   -0.05 (VIOLATED)
_6096_/A1                               0.50    0.55   -0.05 (VIOLATED)
ANTENNA__6096__A1/DIODE                 0.50    0.55   -0.05 (VIOLATED)
_6257_/A1                               0.50    0.55   -0.05 (VIOLATED)
ANTENNA__6257__A1/DIODE                 0.50    0.55   -0.05 (VIOLATED)
_4386_/X                                0.50    0.55   -0.05 (VIOLATED)
_3466_/D                                0.50    0.54   -0.04 (VIOLATED)
ANTENNA__3466__D/DIODE                  0.50    0.54   -0.04 (VIOLATED)
ANTENNA__4543__B2/DIODE                 0.50    0.54   -0.04 (VIOLATED)
_4543_/B2                               0.50    0.54   -0.04 (VIOLATED)
_6343_/Q                                0.50    0.54   -0.04 (VIOLATED)
_5740_/B2                               0.50    0.53   -0.03 (VIOLATED)
ANTENNA__5740__B2/DIODE                 0.50    0.53   -0.03 (VIOLATED)
_5736_/A1_N                             0.50    0.53   -0.03 (VIOLATED)
ANTENNA__5736__A1_N/DIODE               0.50    0.53   -0.03 (VIOLATED)
ANTENNA__5720__A1_N/DIODE               0.50    0.53   -0.03 (VIOLATED)
_5720_/A1_N                             0.50    0.53   -0.03 (VIOLATED)
_5721_/A1                               0.50    0.53   -0.03 (VIOLATED)
ANTENNA__5721__A1/DIODE                 0.50    0.53   -0.03 (VIOLATED)
_5665_/B2                               0.50    0.53   -0.03 (VIOLATED)
_5666_/A1                               0.50    0.53   -0.03 (VIOLATED)
ANTENNA__5665__B2/DIODE                 0.50    0.53   -0.03 (VIOLATED)
ANTENNA__5666__A1/DIODE                 0.50    0.53   -0.03 (VIOLATED)
_5761_/B2                               0.50    0.53   -0.03 (VIOLATED)
ANTENNA__5761__B2/DIODE                 0.50    0.53   -0.03 (VIOLATED)
_5686_/B2                               0.50    0.53   -0.03 (VIOLATED)
ANTENNA__5686__B2/DIODE                 0.50    0.53   -0.03 (VIOLATED)
_5663_/X                                0.50    0.53   -0.03 (VIOLATED)
_3470_/Y                                0.50    0.53   -0.03 (VIOLATED)
wire23/A                                0.50    0.53   -0.03 (VIOLATED)
_6064_/Y                                0.50    0.53   -0.03 (VIOLATED)
wire2/A                                 0.50    0.53   -0.03 (VIOLATED)
ANTENNA__6466__RESET_B/DIODE            0.50    0.53   -0.03 (VIOLATED)
_6466_/RESET_B                          0.50    0.53   -0.03 (VIOLATED)
ANTENNA__6463__RESET_B/DIODE            0.50    0.53   -0.03 (VIOLATED)
_6463_/RESET_B                          0.50    0.53   -0.03 (VIOLATED)
_6939_/RESET_B                          0.50    0.53   -0.03 (VIOLATED)
ANTENNA__6939__RESET_B/DIODE            0.50    0.53   -0.03 (VIOLATED)
ANTENNA__6938__RESET_B/DIODE            0.50    0.53   -0.03 (VIOLATED)
_6938_/RESET_B                          0.50    0.53   -0.03 (VIOLATED)
_6942_/RESET_B                          0.50    0.53   -0.03 (VIOLATED)
ANTENNA__6942__RESET_B/DIODE            0.50    0.53   -0.03 (VIOLATED)
ANTENNA__6764__RESET_B/DIODE            0.50    0.53   -0.03 (VIOLATED)
_6764_/RESET_B                          0.50    0.53   -0.03 (VIOLATED)
_6945_/RESET_B                          0.50    0.53   -0.03 (VIOLATED)
ANTENNA__6325__RESET_B/DIODE            0.50    0.53   -0.03 (VIOLATED)
_6325_/RESET_B                          0.50    0.53   -0.03 (VIOLATED)
_6328_/RESET_B                          0.50    0.53   -0.03 (VIOLATED)
ANTENNA__6328__RESET_B/DIODE            0.50    0.53   -0.03 (VIOLATED)
_6765_/RESET_B                          0.50    0.53   -0.03 (VIOLATED)
ANTENNA__6765__RESET_B/DIODE            0.50    0.53   -0.03 (VIOLATED)
_5611_/Y                                0.50    0.53   -0.03 (VIOLATED)
wire20/A                                0.50    0.53   -0.03 (VIOLATED)
_6946_/RESET_B                          0.50    0.53   -0.03 (VIOLATED)
_6327_/RESET_B                          0.50    0.53   -0.03 (VIOLATED)
ANTENNA__6945__RESET_B/DIODE            0.50    0.53   -0.03 (VIOLATED)
ANTENNA__6327__RESET_B/DIODE            0.50    0.53   -0.03 (VIOLATED)
ANTENNA__6946__RESET_B/DIODE            0.50    0.53   -0.03 (VIOLATED)
ANTENNA__6459__RESET_B/DIODE            0.50    0.53   -0.03 (VIOLATED)
_6459_/RESET_B                          0.50    0.53   -0.03 (VIOLATED)
ANTENNA__6439__RESET_B/DIODE            0.50    0.53   -0.03 (VIOLATED)
_6439_/RESET_B                          0.50    0.53   -0.03 (VIOLATED)
_6323_/RESET_B                          0.50    0.53   -0.03 (VIOLATED)
ANTENNA__6323__RESET_B/DIODE            0.50    0.53   -0.03 (VIOLATED)
_6324_/RESET_B                          0.50    0.52   -0.02 (VIOLATED)
ANTENNA__6324__RESET_B/DIODE            0.50    0.52   -0.02 (VIOLATED)
ANTENNA__6441__RESET_B/DIODE            0.50    0.52   -0.02 (VIOLATED)
_6441_/RESET_B                          0.50    0.52   -0.02 (VIOLATED)
_6443_/RESET_B                          0.50    0.52   -0.02 (VIOLATED)
ANTENNA__6443__RESET_B/DIODE            0.50    0.52   -0.02 (VIOLATED)
ANTENNA__6444__RESET_B/DIODE            0.50    0.52   -0.02 (VIOLATED)
_6444_/RESET_B                          0.50    0.52   -0.02 (VIOLATED)
ANTENNA__6564__RESET_B/DIODE            0.50    0.52   -0.02 (VIOLATED)
_6564_/RESET_B                          0.50    0.52   -0.02 (VIOLATED)
ANTENNA__6326__RESET_B/DIODE            0.50    0.52   -0.02 (VIOLATED)
_6326_/RESET_B                          0.50    0.52   -0.02 (VIOLATED)
ANTENNA__6329__RESET_B/DIODE            0.50    0.52   -0.02 (VIOLATED)
_6329_/RESET_B                          0.50    0.52   -0.02 (VIOLATED)
ANTENNA__6763__RESET_B/DIODE            0.50    0.52   -0.02 (VIOLATED)
_6763_/RESET_B                          0.50    0.52   -0.02 (VIOLATED)
ANTENNA__6642__RESET_B/DIODE            0.50    0.52   -0.02 (VIOLATED)
ANTENNA__6349__RESET_B/DIODE            0.50    0.52   -0.02 (VIOLATED)
_6349_/RESET_B                          0.50    0.52   -0.02 (VIOLATED)
_6645_/RESET_B                          0.50    0.52   -0.02 (VIOLATED)
_6642_/RESET_B                          0.50    0.52   -0.02 (VIOLATED)
ANTENNA__6330__RESET_B/DIODE            0.50    0.52   -0.02 (VIOLATED)
_6330_/RESET_B                          0.50    0.52   -0.02 (VIOLATED)
ANTENNA__6643__RESET_B/DIODE            0.50    0.52   -0.02 (VIOLATED)
_6643_/RESET_B                          0.50    0.52   -0.02 (VIOLATED)
_6310_/RESET_B                          0.50    0.52   -0.02 (VIOLATED)
ANTENNA__6647__RESET_B/DIODE            0.50    0.52   -0.02 (VIOLATED)
ANTENNA__6310__RESET_B/DIODE            0.50    0.52   -0.02 (VIOLATED)
_6647_/RESET_B                          0.50    0.52   -0.02 (VIOLATED)
ANTENNA__6644__RESET_B/DIODE            0.50    0.52   -0.02 (VIOLATED)
_6565_/RESET_B                          0.50    0.51   -0.01 (VIOLATED)
_6644_/RESET_B                          0.50    0.51   -0.01 (VIOLATED)
_6580_/RESET_B                          0.50    0.51   -0.01 (VIOLATED)
ANTENNA__6580__RESET_B/DIODE            0.50    0.51   -0.01 (VIOLATED)
_6577_/RESET_B                          0.50    0.51   -0.01 (VIOLATED)
ANTENNA__6646__RESET_B/DIODE            0.50    0.51   -0.01 (VIOLATED)
ANTENNA__6577__RESET_B/DIODE            0.50    0.51   -0.01 (VIOLATED)
_6646_/RESET_B                          0.50    0.51   -0.01 (VIOLATED)
_6396_/RESET_B                          0.50    0.51   -0.01 (VIOLATED)
ANTENNA__6396__RESET_B/DIODE            0.50    0.51   -0.01 (VIOLATED)
_6397_/RESET_B                          0.50    0.51   -0.01 (VIOLATED)
_6819_/RESET_B                          0.50    0.51   -0.01 (VIOLATED)
ANTENNA__6814__RESET_B/DIODE            0.50    0.51   -0.01 (VIOLATED)
_6814_/RESET_B                          0.50    0.51   -0.01 (VIOLATED)
ANTENNA__6393__RESET_B/DIODE            0.50    0.51   -0.01 (VIOLATED)
_6393_/RESET_B                          0.50    0.51   -0.01 (VIOLATED)
_6395_/RESET_B                          0.50    0.51   -0.01 (VIOLATED)
ANTENNA__6395__RESET_B/DIODE            0.50    0.51   -0.01 (VIOLATED)
ANTENNA__6819__RESET_B/DIODE            0.50    0.51   -0.01 (VIOLATED)
ANTENNA__6398__RESET_B/DIODE            0.50    0.51   -0.01 (VIOLATED)
_6398_/RESET_B                          0.50    0.51   -0.01 (VIOLATED)
_6813_/RESET_B                          0.50    0.51   -0.01 (VIOLATED)
ANTENNA__6397__RESET_B/DIODE            0.50    0.51   -0.01 (VIOLATED)
ANTENNA__6818__RESET_B/DIODE            0.50    0.51   -0.01 (VIOLATED)
ANTENNA__6813__RESET_B/DIODE            0.50    0.51   -0.01 (VIOLATED)
ANTENNA__7000__RESET_B/DIODE            0.50    0.51   -0.01 (VIOLATED)
ANTENNA__6579__RESET_B/DIODE            0.50    0.51   -0.01 (VIOLATED)
_6818_/RESET_B                          0.50    0.51   -0.01 (VIOLATED)
_6578_/RESET_B                          0.50    0.51   -0.01 (VIOLATED)
ANTENNA__6578__RESET_B/DIODE            0.50    0.51   -0.01 (VIOLATED)
ANTENNA__6530__RESET_B/DIODE            0.50    0.51   -0.01 (VIOLATED)
_6530_/RESET_B                          0.50    0.51   -0.01 (VIOLATED)
ANTENNA__6394__RESET_B/DIODE            0.50    0.51   -0.01 (VIOLATED)
_6579_/RESET_B                          0.50    0.51   -0.01 (VIOLATED)
_6648_/RESET_B                          0.50    0.51   -0.01 (VIOLATED)
_6394_/RESET_B                          0.50    0.51   -0.01 (VIOLATED)
_6963_/RESET_B                          0.50    0.51   -0.01 (VIOLATED)
ANTENNA__6963__RESET_B/DIODE            0.50    0.51   -0.01 (VIOLATED)
ANTENNA__6400__RESET_B/DIODE            0.50    0.51   -0.01 (VIOLATED)
ANTENNA__6565__RESET_B/DIODE            0.50    0.51   -0.01 (VIOLATED)
_6400_/RESET_B                          0.50    0.51   -0.01 (VIOLATED)
_6649_/RESET_B                          0.50    0.51   -0.01 (VIOLATED)
_7000_/RESET_B                          0.50    0.51   -0.01 (VIOLATED)
_6691_/RESET_B                          0.50    0.51   -0.01 (VIOLATED)
ANTENNA__6691__RESET_B/DIODE            0.50    0.51   -0.01 (VIOLATED)
ANTENNA__6399__RESET_B/DIODE            0.50    0.51   -0.01 (VIOLATED)
_6399_/RESET_B                          0.50    0.51   -0.01 (VIOLATED)
ANTENNA__6791__RESET_B/DIODE            0.50    0.51   -0.01 (VIOLATED)
_7002_/RESET_B                          0.50    0.51   -0.01 (VIOLATED)
_6791_/RESET_B                          0.50    0.51   -0.01 (VIOLATED)
ANTENNA__6962__SET_B/DIODE              0.50    0.51   -0.01 (VIOLATED)
ANTENNA__6532__RESET_B/DIODE            0.50    0.51   -0.01 (VIOLATED)
_6532_/RESET_B                          0.50    0.51   -0.01 (VIOLATED)
_6962_/SET_B                            0.50    0.51   -0.01 (VIOLATED)
ANTENNA__7002__RESET_B/DIODE            0.50    0.51   -0.01 (VIOLATED)
_5337_/C                                0.50    0.51   -0.01 (VIOLATED)
_3470_/B                                0.50    0.51   -0.01 (VIOLATED)
ANTENNA__5337__C/DIODE                  0.50    0.51   -0.01 (VIOLATED)
ANTENNA__3470__B/DIODE                  0.50    0.51   -0.01 (VIOLATED)
ANTENNA__6648__RESET_B/DIODE            0.50    0.51   -0.01 (VIOLATED)
_3467_/Y                                0.50    0.51   -0.01 (VIOLATED)
_6686_/RESET_B                          0.50    0.51   -0.01 (VIOLATED)
_6561_/SET_B                            0.50    0.51   -0.01 (VIOLATED)
ANTENNA__6649__RESET_B/DIODE            0.50    0.51   -0.01 (VIOLATED)
_7001_/RESET_B                          0.50    0.51   -0.01 (VIOLATED)
_6566_/RESET_B                          0.50    0.51   -0.01 (VIOLATED)
ANTENNA__6826__RESET_B/DIODE            0.50    0.51   -0.01 (VIOLATED)
_6826_/RESET_B                          0.50    0.51   -0.01 (VIOLATED)
ANTENNA__6808__SET_B/DIODE              0.50    0.51   -0.01 (VIOLATED)
ANTENNA__6893__RESET_B/DIODE            0.50    0.51   -0.01 (VIOLATED)
_6808_/SET_B                            0.50    0.51   -0.01 (VIOLATED)
_6893_/RESET_B                          0.50    0.51   -0.01 (VIOLATED)
_6892_/SET_B                            0.50    0.51   -0.01 (VIOLATED)
ANTENNA__6892__SET_B/DIODE              0.50    0.51   -0.01 (VIOLATED)
ANTENNA__6999__SET_B/DIODE              0.50    0.51   -0.01 (VIOLATED)
_6682_/RESET_B                          0.50    0.51   -0.01 (VIOLATED)
_6999_/SET_B                            0.50    0.51   -0.01 (VIOLATED)
ANTENNA__6682__RESET_B/DIODE            0.50    0.51   -0.01 (VIOLATED)
ANTENNA__6561__SET_B/DIODE              0.50    0.51   -0.01 (VIOLATED)
ANTENNA__6696__RESET_B/DIODE            0.50    0.51   -0.01 (VIOLATED)
_6833_/SET_B                            0.50    0.51   -0.01 (VIOLATED)
ANTENNA__6698__RESET_B/DIODE            0.50    0.51   -0.01 (VIOLATED)
_6698_/RESET_B                          0.50    0.51   -0.01 (VIOLATED)
ANTENNA__6833__SET_B/DIODE              0.50    0.51   -0.01 (VIOLATED)
ANTENNA__6690__RESET_B/DIODE            0.50    0.51   -0.01 (VIOLATED)
_6386_/RESET_B                          0.50    0.51   -0.01 (VIOLATED)
ANTENNA__6686__RESET_B/DIODE            0.50    0.51   -0.01 (VIOLATED)
_6935_/RESET_B                          0.50    0.51   -0.01 (VIOLATED)
ANTENNA__6935__RESET_B/DIODE            0.50    0.51   -0.01 (VIOLATED)
ANTENNA__6386__RESET_B/DIODE            0.50    0.51   -0.01 (VIOLATED)
_6690_/RESET_B                          0.50    0.51   -0.01 (VIOLATED)
ANTENNA__6543__RESET_B/DIODE            0.50    0.51   -0.01 (VIOLATED)
_6543_/RESET_B                          0.50    0.51   -0.01 (VIOLATED)
ANTENNA__7001__RESET_B/DIODE            0.50    0.51   -0.01 (VIOLATED)
_6654_/RESET_B                          0.50    0.51   -0.01 (VIOLATED)
_6606_/RESET_B                          0.50    0.51   -0.01 (VIOLATED)
_6636_/RESET_B                          0.50    0.51   -0.01 (VIOLATED)
ANTENNA__6804__RESET_B/DIODE            0.50    0.51   -0.01 (VIOLATED)
_6804_/RESET_B                          0.50    0.51   -0.01 (VIOLATED)
_6653_/RESET_B                          0.50    0.51   -0.01 (VIOLATED)
ANTENNA__6636__RESET_B/DIODE            0.50    0.51   -0.01 (VIOLATED)
ANTENNA__6820__RESET_B/DIODE            0.50    0.51   -0.01 (VIOLATED)
ANTENNA__6653__RESET_B/DIODE            0.50    0.51   -0.01 (VIOLATED)
ANTENNA__6654__RESET_B/DIODE            0.50    0.51   -0.01 (VIOLATED)
ANTENNA__6566__RESET_B/DIODE            0.50    0.51   -0.01 (VIOLATED)
_6549_/RESET_B                          0.50    0.51   -0.01 (VIOLATED)
ANTENNA__6549__RESET_B/DIODE            0.50    0.51   -0.01 (VIOLATED)
_6436_/RESET_B                          0.50    0.51   -0.01 (VIOLATED)
_6442_/RESET_B                          0.50    0.51   -0.01 (VIOLATED)
ANTENNA__6442__RESET_B/DIODE            0.50    0.51   -0.01 (VIOLATED)
ANTENNA__6437__RESET_B/DIODE            0.50    0.51   -0.01 (VIOLATED)
_6550_/RESET_B                          0.50    0.51   -0.01 (VIOLATED)
load_slew34/A                           0.50    0.51   -0.01 (VIOLATED)
_6437_/RESET_B                          0.50    0.51   -0.01 (VIOLATED)
ANTENNA__6550__RESET_B/DIODE            0.50    0.51   -0.01 (VIOLATED)
ANTENNA__6435__RESET_B/DIODE            0.50    0.51   -0.01 (VIOLATED)
ANTENNA__6805__RESET_B/DIODE            0.50    0.51   -0.01 (VIOLATED)
_6805_/RESET_B                          0.50    0.51   -0.01 (VIOLATED)
load_slew33/A                           0.50    0.51   -0.01 (VIOLATED)
_6824_/RESET_B                          0.50    0.51   -0.01 (VIOLATED)
ANTENNA__6824__RESET_B/DIODE            0.50    0.51   -0.01 (VIOLATED)
ANTENNA__6438__RESET_B/DIODE            0.50    0.51   -0.01 (VIOLATED)
ANTENNA__6809__RESET_B/DIODE            0.50    0.51   -0.01 (VIOLATED)
ANTENNA_load_slew34_A/DIODE             0.50    0.51   -0.01 (VIOLATED)
_6809_/RESET_B                          0.50    0.51   -0.01 (VIOLATED)
ANTENNA_load_slew33_A/DIODE             0.50    0.51   -0.01 (VIOLATED)
_6801_/RESET_B                          0.50    0.51   -0.01 (VIOLATED)
ANTENNA__6801__RESET_B/DIODE            0.50    0.51   -0.01 (VIOLATED)
_6438_/RESET_B                          0.50    0.51   -0.01 (VIOLATED)
_6435_/RESET_B                          0.50    0.51   -0.01 (VIOLATED)
_6806_/RESET_B                          0.50    0.51   -0.01 (VIOLATED)
_6803_/RESET_B                          0.50    0.51   -0.01 (VIOLATED)
ANTENNA__6803__RESET_B/DIODE            0.50    0.51   -0.01 (VIOLATED)
ANTENNA__6806__RESET_B/DIODE            0.50    0.51   -0.01 (VIOLATED)
_6830_/RESET_B                          0.50    0.51   -0.01 (VIOLATED)
_6639_/RESET_B                          0.50    0.51   -0.01 (VIOLATED)
_6849_/RESET_B                          0.50    0.51   -0.01 (VIOLATED)
ANTENNA__6830__RESET_B/DIODE            0.50    0.51   -0.01 (VIOLATED)
ANTENNA__6849__RESET_B/DIODE            0.50    0.51   -0.01 (VIOLATED)
ANTENNA__6639__RESET_B/DIODE            0.50    0.51   -0.01 (VIOLATED)
_6820_/RESET_B                          0.50    0.51   -0.01 (VIOLATED)
ANTENNA__6618__RESET_B/DIODE            0.50    0.51   -0.01 (VIOLATED)
_6618_/RESET_B                          0.50    0.51   -0.01 (VIOLATED)
ANTENNA__6685__RESET_B/DIODE            0.50    0.51   -0.01 (VIOLATED)
ANTENNA__6816__RESET_B/DIODE            0.50    0.51   -0.01 (VIOLATED)
_6685_/RESET_B                          0.50    0.51   -0.01 (VIOLATED)
_6651_/RESET_B                          0.50    0.51   -0.01 (VIOLATED)
_6684_/RESET_B                          0.50    0.51   -0.01 (VIOLATED)
ANTENNA__6684__RESET_B/DIODE            0.50    0.51   -0.01 (VIOLATED)
_6591_/RESET_B                          0.50    0.51   -0.01 (VIOLATED)
_6816_/RESET_B                          0.50    0.51   -0.01 (VIOLATED)
_6926_/RESET_B                          0.50    0.51   -0.01 (VIOLATED)
ANTENNA__6926__RESET_B/DIODE            0.50    0.51   -0.01 (VIOLATED)
ANTENNA__6817__RESET_B/DIODE            0.50    0.51   -0.01 (VIOLATED)
ANTENNA__6600__RESET_B/DIODE            0.50    0.51   -0.01 (VIOLATED)
_6600_/RESET_B                          0.50    0.51   -0.01 (VIOLATED)
ANTENNA__6598__RESET_B/DIODE            0.50    0.51   -0.01 (VIOLATED)
ANTENNA__6651__RESET_B/DIODE            0.50    0.51   -0.01 (VIOLATED)
ANTENNA__6599__RESET_B/DIODE            0.50    0.51   -0.01 (VIOLATED)
_6599_/RESET_B                          0.50    0.51   -0.01 (VIOLATED)
ANTENNA__6594__RESET_B/DIODE            0.50    0.51   -0.01 (VIOLATED)
ANTENNA__6815__RESET_B/DIODE            0.50    0.51   -0.01 (VIOLATED)
_6855_/RESET_B                          0.50    0.51   -0.01 (VIOLATED)
_6815_/RESET_B                          0.50    0.51   -0.01 (VIOLATED)
_6387_/SET_B                            0.50    0.51   -0.01 (VIOLATED)
_6593_/RESET_B                          0.50    0.51   -0.01 (VIOLATED)
ANTENNA__6855__RESET_B/DIODE            0.50    0.51   -0.01 (VIOLATED)
_6598_/RESET_B                          0.50    0.51   -0.01 (VIOLATED)
ANTENNA__6593__RESET_B/DIODE            0.50    0.51   -0.01 (VIOLATED)
_6594_/RESET_B                          0.50    0.51   -0.01 (VIOLATED)
_6817_/RESET_B                          0.50    0.51   -0.01 (VIOLATED)
_6303_/RESET_B                          0.50    0.51   -0.01 (VIOLATED)
ANTENNA__6689__RESET_B/DIODE            0.50    0.51   -0.01 (VIOLATED)
ANTENNA__6595__RESET_B/DIODE            0.50    0.51   -0.01 (VIOLATED)
_6595_/RESET_B                          0.50    0.51   -0.01 (VIOLATED)
_6689_/RESET_B                          0.50    0.51   -0.01 (VIOLATED)
_5538_/A2                               0.50    0.51   -0.01 (VIOLATED)
_5539_/C                                0.50    0.51   -0.01 (VIOLATED)
_5537_/B                                0.50    0.51   -0.01 (VIOLATED)
_5536_/Y                                0.50    0.51   -0.01 (VIOLATED)
ANTENNA__6591__RESET_B/DIODE            0.50    0.50   -0.00 (VIOLATED)
_6694_/RESET_B                          0.50    0.50   -0.00 (VIOLATED)
ANTENNA__6694__RESET_B/DIODE            0.50    0.50   -0.00 (VIOLATED)
ANTENNA__6693__RESET_B/DIODE            0.50    0.50   -0.00 (VIOLATED)
_6693_/RESET_B                          0.50    0.50   -0.00 (VIOLATED)
ANTENNA__6303__RESET_B/DIODE            0.50    0.50   -0.00 (VIOLATED)
_6758_/RESET_B                          0.50    0.50   -0.00 (VIOLATED)
ANTENNA__6597__RESET_B/DIODE            0.50    0.50   -0.00 (VIOLATED)
ANTENNA__6674__RESET_B/DIODE            0.50    0.50   -0.00 (VIOLATED)
_6674_/RESET_B                          0.50    0.50   -0.00 (VIOLATED)
_6669_/RESET_B                          0.50    0.50   -0.00 (VIOLATED)
_6701_/RESET_B                          0.50    0.50   -0.00 (VIOLATED)
ANTENNA__6758__RESET_B/DIODE            0.50    0.50   -0.00 (VIOLATED)
ANTENNA__6701__RESET_B/DIODE            0.50    0.50   -0.00 (VIOLATED)
_6597_/RESET_B                          0.50    0.50   -0.00 (VIOLATED)
ANTENNA__4350__A/DIODE                  0.50    0.50   -0.00 (VIOLATED)
_4350_/A                                0.50    0.50   -0.00 (VIOLATED)
_4354_/A                                0.50    0.50   -0.00 (VIOLATED)
ANTENNA__6625__RESET_B/DIODE            0.50    0.50   -0.00 (VIOLATED)
_6526_/RESET_B                          0.50    0.50   -0.00 (VIOLATED)
_6625_/RESET_B                          0.50    0.50   -0.00 (VIOLATED)
ANTENNA__4354__A/DIODE                  0.50    0.50   -0.00 (VIOLATED)
ANTENNA__4346__A/DIODE                  0.50    0.50   -0.00 (VIOLATED)
ANTENNA__6627__RESET_B/DIODE            0.50    0.50   -0.00 (VIOLATED)
_6627_/RESET_B                          0.50    0.50   -0.00 (VIOLATED)
_4346_/A                                0.50    0.50   -0.00 (VIOLATED)
_6692_/RESET_B                          0.50    0.50   -0.00 (VIOLATED)
_6596_/RESET_B                          0.50    0.50   -0.00 (VIOLATED)
ANTENNA__6596__RESET_B/DIODE            0.50    0.50   -0.00 (VIOLATED)
_6626_/RESET_B                          0.50    0.50   -0.00 (VIOLATED)
_4356_/A                                0.50    0.50   -0.00 (VIOLATED)
ANTENNA__4356__A/DIODE                  0.50    0.50   -0.00 (VIOLATED)
ANTENNA__6586__RESET_B/DIODE            0.50    0.50   -0.00 (VIOLATED)
ANTENNA__6626__RESET_B/DIODE            0.50    0.50   -0.00 (VIOLATED)
_6586_/RESET_B                          0.50    0.50   -0.00 (VIOLATED)
ANTENNA__6692__RESET_B/DIODE            0.50    0.50   -0.00 (VIOLATED)
ANTENNA__6669__RESET_B/DIODE            0.50    0.50   -0.00 (VIOLATED)
ANTENNA__6573__RESET_B/DIODE            0.50    0.50   -0.00 (VIOLATED)
ANTENNA__6387__SET_B/DIODE              0.50    0.50   -0.00 (VIOLATED)
_6527_/RESET_B                          0.50    0.50   -0.00 (VIOLATED)
_6573_/RESET_B                          0.50    0.50   -0.00 (VIOLATED)
_6696_/RESET_B                          0.50    0.50   -0.00 (VIOLATED)
_6308_/RESET_B                          0.50    0.50   -0.00 (VIOLATED)
_4352_/A                                0.50    0.50   -0.00 (VIOLATED)
ANTENNA__4352__A/DIODE                  0.50    0.50   -0.00 (VIOLATED)
ANTENNA__4348__A/DIODE                  0.50    0.50   -0.00 (VIOLATED)
_4348_/A                                0.50    0.50   -0.00 (VIOLATED)
_4358_/A                                0.50    0.50   -0.00 (VIOLATED)
_4340_/A                                0.50    0.50   -0.00 (VIOLATED)
ANTENNA__4340__A/DIODE                  0.50    0.50   -0.00 (VIOLATED)
ANTENNA__4358__A/DIODE                  0.50    0.50   -0.00 (VIOLATED)
_6612_/RESET_B                          0.50    0.50   -0.00 (VIOLATED)
_6672_/RESET_B                          0.50    0.50   -0.00 (VIOLATED)
ANTENNA__6697__RESET_B/DIODE            0.50    0.50   -0.00 (VIOLATED)
_6865_/SET_B                            0.50    0.50   -0.00 (VIOLATED)
_6697_/RESET_B                          0.50    0.50   -0.00 (VIOLATED)
ANTENNA__6612__RESET_B/DIODE            0.50    0.50   -0.00 (VIOLATED)
ANTENNA__6568__RESET_B/DIODE            0.50    0.50   -0.00 (VIOLATED)
_6568_/RESET_B                          0.50    0.50   -0.00 (VIOLATED)
ANTENNA__6865__SET_B/DIODE              0.50    0.50   -0.00 (VIOLATED)
_4339_/X                                0.50    0.50   -0.00 (VIOLATED)
ANTENNA__6526__RESET_B/DIODE            0.50    0.50   -0.00 (VIOLATED)
ANTENNA__6525__SET_B/DIODE              0.50    0.50   -0.00 (VIOLATED)
ANTENNA__6527__RESET_B/DIODE            0.50    0.50   -0.00 (VIOLATED)
_6622_/RESET_B                          0.50    0.50   -0.00 (VIOLATED)
ANTENNA__6622__RESET_B/DIODE            0.50    0.50   -0.00 (VIOLATED)
_6623_/RESET_B                          0.50    0.50   -0.00 (VIOLATED)
ANTENNA__6628__RESET_B/DIODE            0.50    0.50   -0.00 (VIOLATED)
ANTENNA__6623__RESET_B/DIODE            0.50    0.50   -0.00 (VIOLATED)
_6628_/RESET_B                          0.50    0.50   -0.00 (VIOLATED)
_6695_/RESET_B                          0.50    0.50   -0.00 (VIOLATED)
_6624_/RESET_B                          0.50    0.50   -0.00 (VIOLATED)
ANTENNA__6605__RESET_B/DIODE            0.50    0.50   -0.00 (VIOLATED)
ANTENNA__6672__RESET_B/DIODE            0.50    0.50   -0.00 (VIOLATED)


max slew violations count Slowest: 386
max fanout violations count Slowest: 0
max cap violations count Slowest: 0
======================= Typical Corner ===================================


max slew violations count Typical: 0
max fanout violations count Typical: 0
max cap violations count Typical: 0

===========================================================================
report_parasitic_annotation -report_unannotated
============================================================================
Found 292 unannotated drivers.
 arbitration_id[0]
 arbitration_id[10]
 arbitration_id[11]
 arbitration_id[12]
 arbitration_id[13]
 arbitration_id[14]
 arbitration_id[15]
 arbitration_id[16]
 arbitration_id[17]
 arbitration_id[18]
 arbitration_id[19]
 arbitration_id[1]
 arbitration_id[20]
 arbitration_id[21]
 arbitration_id[22]
 arbitration_id[23]
 arbitration_id[24]
 arbitration_id[25]
 arbitration_id[26]
 arbitration_id[27]
 arbitration_id[28]
 arbitration_id[29]
 arbitration_id[2]
 arbitration_id[30]
 arbitration_id[31]
 arbitration_id[32]
 arbitration_id[33]
 arbitration_id[34]
 arbitration_id[35]
 arbitration_id[36]
 arbitration_id[37]
 arbitration_id[38]
 arbitration_id[39]
 arbitration_id[3]
 arbitration_id[40]
 arbitration_id[41]
 arbitration_id[42]
 arbitration_id[43]
 arbitration_id[44]
 arbitration_id[45]
 arbitration_id[46]
 arbitration_id[47]
 arbitration_id[48]
 arbitration_id[49]
 arbitration_id[4]
 arbitration_id[50]
 arbitration_id[51]
 arbitration_id[52]
 arbitration_id[53]
 arbitration_id[54]
 arbitration_id[55]
 arbitration_id[56]
 arbitration_id[57]
 arbitration_id[58]
 arbitration_id[59]
 arbitration_id[5]
 arbitration_id[60]
 arbitration_id[61]
 arbitration_id[62]
 arbitration_id[63]
 arbitration_id[6]
 arbitration_id[7]
 arbitration_id[8]
 arbitration_id[9]
 data_field[0]
 data_field[10]
 data_field[11]
 data_field[12]
 data_field[13]
 data_field[14]
 data_field[15]
 data_field[16]
 data_field[17]
 data_field[18]
 data_field[19]
 data_field[1]
 data_field[20]
 data_field[21]
 data_field[22]
 data_field[23]
 data_field[24]
 data_field[25]
 data_field[26]
 data_field[27]
 data_field[28]
 data_field[29]
 data_field[2]
 data_field[30]
 data_field[31]
 data_field[32]
 data_field[33]
 data_field[34]
 data_field[35]
 data_field[36]
 data_field[37]
 data_field[38]
 data_field[39]
 data_field[3]
 data_field[40]
 data_field[41]
 data_field[42]
 data_field[43]
 data_field[44]
 data_field[45]
 data_field[46]
 data_field[47]
 data_field[48]
 data_field[49]
 data_field[4]
 data_field[50]
 data_field[51]
 data_field[52]
 data_field[53]
 data_field[54]
 data_field[55]
 data_field[56]
 data_field[57]
 data_field[58]
 data_field[59]
 data_field[5]
 data_field[60]
 data_field[61]
 data_field[62]
 data_field[63]
 data_field[6]
 data_field[7]
 data_field[8]
 data_field[9]
 timestamp[0]
 timestamp[10]
 timestamp[11]
 timestamp[12]
 timestamp[13]
 timestamp[14]
 timestamp[15]
 timestamp[16]
 timestamp[17]
 timestamp[18]
 timestamp[19]
 timestamp[1]
 timestamp[20]
 timestamp[21]
 timestamp[22]
 timestamp[23]
 timestamp[24]
 timestamp[25]
 timestamp[26]
 timestamp[27]
 timestamp[28]
 timestamp[29]
 timestamp[2]
 timestamp[30]
 timestamp[31]
 timestamp[32]
 timestamp[33]
 timestamp[34]
 timestamp[35]
 timestamp[36]
 timestamp[37]
 timestamp[38]
 timestamp[39]
 timestamp[3]
 timestamp[40]
 timestamp[41]
 timestamp[42]
 timestamp[43]
 timestamp[44]
 timestamp[45]
 timestamp[46]
 timestamp[47]
 timestamp[48]
 timestamp[49]
 timestamp[4]
 timestamp[50]
 timestamp[51]
 timestamp[52]
 timestamp[53]
 timestamp[54]
 timestamp[55]
 timestamp[56]
 timestamp[57]
 timestamp[58]
 timestamp[59]
 timestamp[5]
 timestamp[60]
 timestamp[61]
 timestamp[62]
 timestamp[63]
 timestamp[6]
 timestamp[7]
 timestamp[8]
 timestamp[9]
 clkload0/X
 clkload1/X
 clkload10/Y
 clkload11/Y
 clkload12/Y
 clkload13/Y
 clkload14/Y
 clkload15/Y
 clkload16/Y
 clkload17/Y
 clkload18/Y
 clkload19/Y
 clkload2/X
 clkload20/Y
 clkload21/Y
 clkload22/Y
 clkload23/Y
 clkload24/Y
 clkload25/Y
 clkload26/Y
 clkload27/X
 clkload28/Y
 clkload29/X
 clkload3/X
 clkload30/Y
 clkload31/Y
 clkload32/X
 clkload33/X
 clkload34/Y
 clkload35/Y
 clkload36/Y
 clkload37/Y
 clkload38/Y
 clkload39/Y
 clkload4/Y
 clkload40/Y
 clkload41/X
 clkload42/Y
 clkload43/Y
 clkload44/Y
 clkload45/Y
 clkload46/Y
 clkload47/Y
 clkload48/Y
 clkload49/Y
 clkload5/Y
 clkload50/Y
 clkload51/X
 clkload52/Y
 clkload53/Y
 clkload54/Y
 clkload55/Y
 clkload56/Y
 clkload57/Y
 clkload58/Y
 clkload59/Y
 clkload6/X
 clkload60/Y
 clkload61/Y
 clkload62/Y
 clkload63/Y
 clkload64/Y
 clkload65/Y
 clkload66/Y
 clkload67/Y
 clkload68/Y
 clkload69/Y
 clkload7/Y
 clkload70/Y
 clkload71/Y
 clkload72/X
 clkload73/Y
 clkload74/Y
 clkload75/Y
 clkload76/Y
 clkload77/Y
 clkload78/Y
 clkload79/Y
 clkload8/Y
 clkload80/Y
 clkload81/Y
 clkload82/Y
 clkload83/Y
 clkload84/Y
 clkload85/Y
 clkload86/Y
 clkload87/Y
 clkload88/Y
 clkload89/X
 clkload9/Y
 clkload90/Y
 clkload91/Y
 clkload92/Y
 clkload93/Y
 clkload94/Y
 clkload95/Y
 clkload96/Y
 clkload97/Y
 clkload98/X
 clkload99/Y
Found 0 partially unannotated drivers.

===========================================================================
max slew violation count 386
max fanout violation count 0
max cap violation count 0
============================================================================

===========================================================================
check_setup -verbose -unconstrained_endpoints -multiple_clock -no_clock -no_input_delay -loops -generated_clocks
===========================================================================
